Component: ARM Compiler 5.06 update 6 (build 750) Tool: armlink [4d35ed]

==============================================================================

Section Cross References

    main.o(i.main) refers to misc.o(i.NVIC_PriorityGroupConfig) for NVIC_PriorityGroupConfig
    main.o(i.main) refers to usart.o(i.usart1_init) for usart1_init
    main.o(i.main) refers to lcd.o(i.LCD_Init) for LCD_Init
    main.o(i.main) refers to noretval__2printf.o(.text) for __2printf
    main.o(i.main) refers to test.o(i.main_test) for main_test
    main.o(i.main) refers to test.o(i.Test_Color) for Test_Color
    main.o(i.main) refers to test.o(i.Test_FillRec) for Test_FillRec
    main.o(i.main) refers to test.o(i.Test_Circle) for Test_Circle
    main.o(i.main) refers to test.o(i.Test_Triangle) for Test_Triangle
    main.o(i.main) refers to test.o(i.English_Font_test) for English_Font_test
    main.o(i.main) refers to test.o(i.Chinese_Font_test) for Chinese_Font_test
    main.o(i.main) refers to test.o(i.Pic_test) for Pic_test
    main.o(i.main) refers to test.o(i.Rotate_Test) for Rotate_Test
    main.o(i.main) refers to test.o(i.Touch_Test) for Touch_Test
    gui.o(i.Draw_Triangel) refers to gui.o(i.LCD_DrawLine) for LCD_DrawLine
    gui.o(i.Fill_Triangel) refers to gui.o(i.LCD_Fill) for LCD_Fill
    gui.o(i.Fill_Triangel) refers to lcd.o(.data) for POINT_COLOR
    gui.o(i.GUI_DrawFont16) refers to lcd.o(i.LCD_SetWindows) for LCD_SetWindows
    gui.o(i.GUI_DrawFont16) refers to lcd.o(i.LCD_DrawPoint) for LCD_DrawPoint
    gui.o(i.GUI_DrawFont16) refers to lcd.o(i.Lcd_WriteData_16Bit) for Lcd_WriteData_16Bit
    gui.o(i.GUI_DrawFont16) refers to gui.o(.constdata) for .constdata
    gui.o(i.GUI_DrawFont16) refers to lcd.o(.data) for POINT_COLOR
    gui.o(i.GUI_DrawFont16) refers to lcd.o(.bss) for lcddev
    gui.o(i.GUI_DrawFont24) refers to lcd.o(i.LCD_SetWindows) for LCD_SetWindows
    gui.o(i.GUI_DrawFont24) refers to lcd.o(i.LCD_DrawPoint) for LCD_DrawPoint
    gui.o(i.GUI_DrawFont24) refers to lcd.o(i.Lcd_WriteData_16Bit) for Lcd_WriteData_16Bit
    gui.o(i.GUI_DrawFont24) refers to gui.o(.constdata) for .constdata
    gui.o(i.GUI_DrawFont24) refers to lcd.o(.data) for POINT_COLOR
    gui.o(i.GUI_DrawFont24) refers to lcd.o(.bss) for lcddev
    gui.o(i.GUI_DrawFont32) refers to lcd.o(i.LCD_SetWindows) for LCD_SetWindows
    gui.o(i.GUI_DrawFont32) refers to lcd.o(i.LCD_DrawPoint) for LCD_DrawPoint
    gui.o(i.GUI_DrawFont32) refers to lcd.o(i.Lcd_WriteData_16Bit) for Lcd_WriteData_16Bit
    gui.o(i.GUI_DrawFont32) refers to gui.o(.constdata) for .constdata
    gui.o(i.GUI_DrawFont32) refers to lcd.o(.data) for POINT_COLOR
    gui.o(i.GUI_DrawFont32) refers to lcd.o(.bss) for lcddev
    gui.o(i.GUI_DrawPoint) refers to lcd.o(i.LCD_SetCursor) for LCD_SetCursor
    gui.o(i.GUI_DrawPoint) refers to lcd.o(i.Lcd_WriteData_16Bit) for Lcd_WriteData_16Bit
    gui.o(i.Gui_Drawbmp16) refers to lcd.o(i.LCD_SetWindows) for LCD_SetWindows
    gui.o(i.Gui_Drawbmp16) refers to lcd.o(i.Lcd_WriteData_16Bit) for Lcd_WriteData_16Bit
    gui.o(i.Gui_Drawbmp16) refers to lcd.o(.bss) for lcddev
    gui.o(i.Gui_StrCenter) refers to strlen.o(.text) for strlen
    gui.o(i.Gui_StrCenter) refers to gui.o(i.Show_Str) for Show_Str
    gui.o(i.Gui_StrCenter) refers to lcd.o(.bss) for lcddev
    gui.o(i.LCD_DrawFillRectangle) refers to gui.o(i.LCD_Fill) for LCD_Fill
    gui.o(i.LCD_DrawFillRectangle) refers to lcd.o(.data) for POINT_COLOR
    gui.o(i.LCD_DrawLine) refers to lcd.o(i.LCD_DrawPoint) for LCD_DrawPoint
    gui.o(i.LCD_DrawRectangle) refers to gui.o(i.LCD_DrawLine) for LCD_DrawLine
    gui.o(i.LCD_Fill) refers to lcd.o(i.LCD_SetWindows) for LCD_SetWindows
    gui.o(i.LCD_Fill) refers to lcd.o(i.Lcd_WriteData_16Bit) for Lcd_WriteData_16Bit
    gui.o(i.LCD_Fill) refers to lcd.o(.bss) for lcddev
    gui.o(i.LCD_ShowChar) refers to lcd.o(i.LCD_SetWindows) for LCD_SetWindows
    gui.o(i.LCD_ShowChar) refers to lcd.o(i.Lcd_WriteData_16Bit) for Lcd_WriteData_16Bit
    gui.o(i.LCD_ShowChar) refers to lcd.o(i.LCD_DrawPoint) for LCD_DrawPoint
    gui.o(i.LCD_ShowChar) refers to lcd.o(.data) for POINT_COLOR
    gui.o(i.LCD_ShowChar) refers to gui.o(.constdata) for .constdata
    gui.o(i.LCD_ShowChar) refers to lcd.o(.bss) for lcddev
    gui.o(i.LCD_ShowNum) refers to gui.o(i.mypow) for mypow
    gui.o(i.LCD_ShowNum) refers to gui.o(i.LCD_ShowChar) for LCD_ShowChar
    gui.o(i.LCD_ShowNum) refers to lcd.o(.data) for BACK_COLOR
    gui.o(i.LCD_ShowNum) refers to lcd.o(.data) for POINT_COLOR
    gui.o(i.LCD_ShowString) refers to gui.o(i.LCD_ShowChar) for LCD_ShowChar
    gui.o(i.LCD_ShowString) refers to lcd.o(.bss) for lcddev
    gui.o(i.LCD_ShowString) refers to lcd.o(.data) for BACK_COLOR
    gui.o(i.LCD_ShowString) refers to lcd.o(.data) for POINT_COLOR
    gui.o(i.Show_Str) refers to gui.o(i.GUI_DrawFont16) for GUI_DrawFont16
    gui.o(i.Show_Str) refers to gui.o(i.LCD_ShowChar) for LCD_ShowChar
[...]
    .ARM.Collect$$libinit$$00000015          0x08000206   Section        0  libinit2.o(.ARM.Collect$$libinit$$00000015)
    .ARM.Collect$$libinit$$00000017          0x08000206   Section        0  libinit2.o(.ARM.Collect$$libinit$$00000017)
    .ARM.Collect$$libinit$$00000019          0x08000206   Section        0  libinit2.o(.ARM.Collect$$libinit$$00000019)
    .ARM.Collect$$libinit$$0000001B          0x08000206   Section        0  libinit2.o(.ARM.Collect$$libinit$$0000001B)
    .ARM.Collect$$libinit$$0000001D          0x08000206   Section        0  libinit2.o(.ARM.Collect$$libinit$$0000001D)
    .ARM.Collect$$libinit$$0000001F          0x08000206   Section        0  libinit2.o(.ARM.Collect$$libinit$$0000001F)
    .ARM.Collect$$libinit$$00000021          0x08000206   Section        0  libinit2.o(.ARM.Collect$$libinit$$00000021)
    .ARM.Collect$$libinit$$00000023          0x08000206   Section        0  libinit2.o(.ARM.Collect$$libinit$$00000023)
    .ARM.Collect$$libinit$$00000025          0x08000206   Section        0  libinit2.o(.ARM.Collect$$libinit$$00000025)
    .ARM.Collect$$libinit$$0000002C          0x08000206   Section        0  libinit2.o(.ARM.Collect$$libinit$$0000002C)
    .ARM.Collect$$libinit$$0000002E          0x08000206   Section        0  libinit2.o(.ARM.Collect$$libinit$$0000002E)
    .ARM.Collect$$libinit$$00000030          0x08000206   Section        0  libinit2.o(.ARM.Collect$$libinit$$00000030)
    .ARM.Collect$$libinit$$00000032          0x08000206   Section        0  libinit2.o(.ARM.Collect$$libinit$$00000032)
    .ARM.Collect$$libinit$$00000033          0x08000206   Section        2  libinit2.o(.ARM.Collect$$libinit$$00000033)
    .ARM.Collect$$libshutdown$$00000000      0x08000208   Section        2  libshutdown.o(.ARM.Collect$$libshutdown$$00000000)
    .ARM.Collect$$libshutdown$$00000002      0x0800020a   Section        0  libshutdown2.o(.ARM.Collect$$libshutdown$$00000002)
    .ARM.Collect$$libshutdown$$00000004      0x0800020a   Section        0  libshutdown2.o(.ARM.Collect$$libshutdown$$00000004)
    .ARM.Collect$$libshutdown$$00000007      0x0800020a   Section        0  libshutdown2.o(.ARM.Collect$$libshutdown$$00000007)
    .ARM.Collect$$libshutdown$$0000000A      0x0800020a   Section        0  libshutdown2.o(.ARM.Collect$$libshutdown$$0000000A)
    .ARM.Collect$$libshutdown$$0000000C      0x0800020a   Section        0  libshutdown2.o(.ARM.Collect$$libshutdown$$0000000C)
    .ARM.Collect$$libshutdown$$0000000F      0x0800020a   Section        0  libshutdown2.o(.ARM.Collect$$libshutdown$$0000000F)
    .ARM.Collect$$libshutdown$$00000010      0x0800020a   Section        2  libshutdown2.o(.ARM.Collect$$libshutdown$$00000010)
    .ARM.Collect$$rtentry$$00000000          0x0800020c   Section        0  __rtentry.o(.ARM.Collect$$rtentry$$00000000)
    .ARM.Collect$$rtentry$$00000002          0x0800020c   Section        0  __rtentry2.o(.ARM.Collect$$rtentry$$00000002)
    .ARM.Collect$$rtentry$$00000004          0x0800020c   Section        6  __rtentry4.o(.ARM.Collect$$rtentry$$00000004)
    .ARM.Collect$$rtentry$$00000009          0x08000212   Section        0  __rtentry2.o(.ARM.Collect$$rtentry$$00000009)
    .ARM.Collect$$rtentry$$0000000A          0x08000212   Section        4  __rtentry2.o(.ARM.Collect$$rtentry$$0000000A)
    .ARM.Collect$$rtentry$$0000000C          0x08000216   Section        0  __rtentry2.o(.ARM.Collect$$rtentry$$0000000C)
    .ARM.Collect$$rtentry$$0000000D          0x08000216   Section        8  __rtentry2.o(.ARM.Collect$$rtentry$$0000000D)
    .ARM.Collect$$rtexit$$00000000           0x0800021e   Section        2  rtexit.o(.ARM.Collect$$rtexit$$00000000)
    .ARM.Collect$$rtexit$$00000002           0x08000220   Section        0  rtexit2.o(.ARM.Collect$$rtexit$$00000002)
    .ARM.Collect$$rtexit$$00000003           0x08000220   Section        4  rtexit2.o(.ARM.Collect$$rtexit$$00000003)
    .ARM.Collect$$rtexit$$00000004           0x08000224   Section        6  rtexit2.o(.ARM.Collect$$rtexit$$00000004)
    .text                                    0x0800022c   Section       64  startup_stm32f40_41xxx.o(.text)
    $v0                                      0x0800022c   Number         0  startup_stm32f40_41xxx.o(.text)
    .text                                    0x0800026c   Section        2  use_no_semi_2.o(.text)
    .text                                    0x08000270   Section        0  noretval__2printf.o(.text)
    .text                                    0x08000288   Section        0  __printf_wp.o(.text)
    .text                                    0x08000396   Section        0  strlen.o(.text)
    .text                                    0x080003d4   Section       68  rt_memclr.o(.text)
    .text                                    0x08000418   Section       86  strncpy.o(.text)
    .text                                    0x0800046e   Section        0  heapauxi.o(.text)
    .text                                    0x08000474   Section        2  use_no_semi.o(.text)
    .text                                    0x08000476   Section        0  _rserrno.o(.text)
    .text                                    0x0800048c   Section        0  _printf_char_common.o(.text)
    _printf_input_char                       0x0800048d   Thumb Code    10  _printf_char_common.o(.text)
    .text                                    0x080004bc   Section        0  _printf_char_file.o(.text)
    .text                                    0x080004e0   Section       78  rt_memclr_w.o(.text)
    .text                                    0x08000530   Section        8  rt_errno_addr_intlibspace.o(.text)
    .text                                    0x08000538   Section        0  ferror.o(.text)
    .text                                    0x08000540   Section        8  libspace.o(.text)
    .text                                    0x08000548   Section       74  sys_stackheap_outer.o(.text)
    .text                                    0x08000592   Section        0  exit.o(.text)
    i.Chinese_Font_test                      0x080005a4   Section        0  test.o(i.Chinese_Font_test)
    i.DrawTestPage                           0x0800068c   Section        0  test.o(i.DrawTestPage)
    i.Draw_Triangel                          0x08000718   Section        0  gui.o(i.Draw_Triangel)
    i.EXTI2_IRQHandler                       0x08000748   Section        0  infrared.o(i.EXTI2_IRQHandler)
    i.EXTI3_IRQHandler                       0x0800076c   Section        0  key.o(i.EXTI3_IRQHandler)
    i.EXTI4_IRQHandler                       0x080007ac   Section        0  key.o(i.EXTI4_IRQHandler)
    i.EXTI_ClearITPendingBit                 0x080007ec   Section        0  stm32f4xx_exti.o(i.EXTI_ClearITPendingBit)
    i.EXTI_GetITStatus                       0x080007f8   Section        0  stm32f4xx_exti.o(i.EXTI_GetITStatus)
    i.EXTI_Init                              0x0800080c   Section        0  stm32f4xx_exti.o(i.EXTI_Init)
    i.English_Font_test                      0x0800087c   Section        0  test.o(i.English_Font_test)
    i.Fill_Triangel                          0x08000a14   Section        0  gui.o(i.Fill_Triangel)
    i.GPIO_Init                              0x08000b9c   Section        0  stm32f4xx_gpio.o(i.GPIO_Init)
    i.GPIO_PinAFConfig                       0x08000c14   Section        0  stm32f4xx_gpio.o(i.GPIO_PinAFConfig)
    i.GPIO_ReadInputDataBit                  0x08000c34   Section        0  stm32f4xx_gpio.o(i.GPIO_ReadInputDataBit)
    i.GPIO_SetBits                           0x08000c42   Section        0  stm32f4xx_gpio.o(i.GPIO_SetBits)
    i.GUI_DrawFont16                         0x08000c48   Section        0  gui.o(i.GUI_DrawFont16)
    i.GUI_DrawFont24                         0x08000d30   Section        0  gui.o(i.GUI_DrawFont24)
    i.GUI_DrawFont32                         0x08000e1c   Section        0  gui.o(i.GUI_DrawFont32)
    i.GUI_DrawPoint                          0x08000f04   Section        0  gui.o(i.GUI_DrawPoint)
    i.Gui_Drawbmp16                          0x08000f18   Section        0  gui.o(i.Gui_Drawbmp16)
    i.Gui_StrCenter                          0x08000f68   Section        0  gui.o(i.Gui_StrCenter)
    i.LCD_Clear                              0x08000fac   Section        0  lcd.o(i.LCD_Clear)
    i.LCD_DrawFillRectangle                  0x08001008   Section        0  gui.o(i.LCD_DrawFillRectangle)
    i.LCD_DrawLine                           0x0800101c   Section        0  gui.o(i.LCD_DrawLine)
    i.LCD_DrawPoint                          0x080010b4   Section        0  lcd.o(i.LCD_DrawPoint)
    i.LCD_DrawRectangle                      0x080010cc   Section        0  gui.o(i.LCD_DrawRectangle)
    i.LCD_Fill                               0x08001108   Section        0  gui.o(i.LCD_Fill)
    i.LCD_GPIOInit                           0x0800115c   Section        0  lcd.o(i.LCD_GPIOInit)
    i.LCD_Init                               0x08001190   Section        0  lcd.o(i.LCD_Init)
    i.LCD_RESET                              0x08001398   Section        0  lcd.o(i.LCD_RESET)
    i.LCD_SetCursor                          0x080013c0   Section        0  lcd.o(i.LCD_SetCursor)
    i.LCD_SetWindows                         0x080013c8   Section        0  lcd.o(i.LCD_SetWindows)
    i.LCD_ShowChar                           0x08001424   Section        0  gui.o(i.LCD_ShowChar)
    i.LCD_ShowNum                            0x0800152c   Section        0  gui.o(i.LCD_ShowNum)
    i.LCD_ShowString                         0x080015b4   Section        0  gui.o(i.LCD_ShowString)
    i.LCD_WR_DATA                            0x0800161c   Section        0  lcd.o(i.LCD_WR_DATA)
    i.LCD_WR_REG                             0x0800163c   Section        0  lcd.o(i.LCD_WR_REG)
    i.LCD_WriteRAM_Prepare                   0x0800165c   Section        0  lcd.o(i.LCD_WriteRAM_Prepare)
    i.LCD_WriteReg                           0x08001668   Section        0  lcd.o(i.LCD_WriteReg)
    i.LCD_direction                          0x0800167c   Section        0  lcd.o(i.LCD_direction)
    i.Lcd_WriteData_16Bit                    0x080016cc   Section        0  lcd.o(i.Lcd_WriteData_16Bit)
    i.NVIC_Init                              0x080016f8   Section        0  misc.o(i.NVIC_Init)
    i.NVIC_PriorityGroupConfig               0x0800175c   Section        0  misc.o(i.NVIC_PriorityGroupConfig)
    i.Pic_test                               0x08001770   Section        0  test.o(i.Pic_test)
    i.RCC_AHB1PeriphClockCmd                 0x080017fc   Section        0  stm32f4xx_rcc.o(i.RCC_AHB1PeriphClockCmd)
    i.RCC_APB2PeriphClockCmd                 0x08001814   Section        0  stm32f4xx_rcc.o(i.RCC_APB2PeriphClockCmd)
    i.RCC_GetClocksFreq                      0x0800182c   Section        0  stm32f4xx_rcc.o(i.RCC_GetClocksFreq)
    i.Rotate_Test                            0x080018bc   Section        0  test.o(i.Rotate_Test)
    i.SPIv_WriteData                         0x08001944   Section        0  spi.o(i.SPIv_WriteData)
    i.SYSCFG_EXTILineConfig                  0x08001978   Section        0  stm32f4xx_syscfg.o(i.SYSCFG_EXTILineConfig)
    i.SetSysClock                            0x080019a8   Section        0  system_stm32f4xx.o(i.SetSysClock)
    SetSysClock                              0x080019a9   Thumb Code   162  system_stm32f4xx.o(i.SetSysClock)
    i.Show_Str                               0x08001a5c   Section        0  gui.o(i.Show_Str)
    i.SystemInit                             0x08001b44   Section        0  system_stm32f4xx.o(i.SystemInit)
    i.TIM5_IRQHandler                        0x08001ba0   Section        0  pwm_ic.o(i.TIM5_IRQHandler)
    i.TIM_ClearITPendingBit                  0x08001bd8   Section        0  stm32f4xx_tim.o(i.TIM_ClearITPendingBit)
    i.TIM_GetCapture1                        0x08001bde   Section        0  stm32f4xx_tim.o(i.TIM_GetCapture1)
    i.TIM_GetITStatus                        0x08001be2   Section        0  stm32f4xx_tim.o(i.TIM_GetITStatus)
    i.TIM_SetCounter                         0x08001bfa   Section        0  stm32f4xx_tim.o(i.TIM_SetCounter)
    i.TP_Adj_Info_Show                       0x08001c00   Section        0  touch.o(i.TP_Adj_Info_Show)
    i.TP_Adjust                              0x08001d58   Section        0  touch.o(i.TP_Adjust)
    i.TP_Draw_Big_Point                      0x0800237c   Section        0  touch.o(i.TP_Draw_Big_Point)
    i.TP_Drow_Touch_Point                    0x080023b0   Section        0  touch.o(i.TP_Drow_Touch_Point)
    i.TP_Get_Adjdata                         0x0800242c   Section        0  touch.o(i.TP_Get_Adjdata)
    i.TP_Init                                0x080024e8   Section        0  touch.o(i.TP_Init)
    i.TP_Read_AD                             0x0800255c   Section        0  touch.o(i.TP_Read_AD)
    i.TP_Read_XOY                            0x080025e0   Section        0  touch.o(i.TP_Read_XOY)
    i.TP_Read_XY                             0x08002640   Section        0  touch.o(i.TP_Read_XY)
    i.TP_Read_XY2                            0x08002668   Section        0  touch.o(i.TP_Read_XY2)
    i.TP_Save_Adjdata                        0x080026e4   Section        0  touch.o(i.TP_Save_Adjdata)
    i.TP_Scan                                0x08002780   Section        0  touch.o(i.TP_Scan)
    i.TP_Write_Byte                          0x08002838   Section        0  touch.o(i.TP_Write_Byte)
    i.Test_Circle                            0x08002878   Section        0  test.o(i.Test_Circle)
    i.Test_Color                             0x08002944   Section        0  test.o(i.Test_Color)
    i.Test_FillRec                           0x08002a2c   Section        0  test.o(i.Test_FillRec)
    i.Test_Triangle                          0x08002b10   Section        0  test.o(i.Test_Triangle)
    i.Touch_Test                             0x08002c1c   Section        0  test.o(i.Touch_Test)
    i.USART1_IRQHandler                      0x08002dbc   Section        0  usart.o(i.USART1_IRQHandler)
    i.USART2_IRQHandler                      0x08002de8   Section        0  usart.o(i.USART2_IRQHandler)
    i.USART3_IRQHandler                      0x08002e90   Section        0  usart.o(i.USART3_IRQHandler)
    i.USART_ClearITPendingBit                0x08002f30   Section        0  stm32f4xx_usart.o(i.USART_ClearITPendingBit)
    i.USART_Cmd                              0x08002f3c   Section        0  stm32f4xx_usart.o(i.USART_Cmd)
    i.USART_GetFlagStatus                    0x08002f50   Section        0  stm32f4xx_usart.o(i.USART_GetFlagStatus)
    i.USART_GetITStatus                      0x08002f5e   Section        0  stm32f4xx_usart.o(i.USART_GetITStatus)
    i.USART_ITConfig                         0x08002f9c   Section        0  stm32f4xx_usart.o(i.USART_ITConfig)
    i.USART_Init                             0x08002fcc   Section        0  stm32f4xx_usart.o(i.USART_Init)
    i.USART_ReceiveData                      0x08003078   Section        0  stm32f4xx_usart.o(i.USART_ReceiveData)
    i.USART_SendData                         0x08003080   Section        0  stm32f4xx_usart.o(i.USART_SendData)
    i.__hardfp_sqrt                          0x08003088   Section        0  sqrt.o(i.__hardfp_sqrt)
    i._draw_circle_8                         0x08003102   Section        0  gui.o(i._draw_circle_8)
    i._is_digit                              0x0800319a   Section        0  __printf_wp.o(i._is_digit)
    i._sys_exit                              0x080031a8   Section        0  usart.o(i._sys_exit)
    i.delay_ms                               0x080031ac   Section        0  delay.o(i.delay_ms)
    i.delay_us                               0x080031e0   Section        0  delay.o(i.delay_us)
    i.fputc                                  0x08003214   Section        0  usart.o(i.fputc)
    i.gui_circle                             0x08003228   Section        0  gui.o(i.gui_circle)
    i.infrared_ReadByte                      0x080032ac   Section        0  infrared.o(i.infrared_ReadByte)
    i.key_Scan                               0x08003398   Section        0  key.o(i.key_Scan)
    i.key_init                               0x08003464   Section        0  key.o(i.key_init)
    i.led_init                               0x080034f0   Section        0  led.o(i.led_init)
    i.main                                   0x08003534   Section        0  main.o(i.main)
    i.main_test                              0x08003668   Section        0  test.o(i.main_test)
    i.mypow                                  0x0800372c   Section        0  gui.o(i.mypow)
    i.spi_init                               0x0800373c   Section        0  spi.o(i.spi_init)
    i.spi_send_byte                          0x0800378c   Section        0  spi.o(i.spi_send_byte)
    i.usart1_init                            0x080037e0   Section        0  usart.o(i.usart1_init)
    i.w25qxx_earase_sector                   0x0800387c   Section        0  w25q.o(i.w25qxx_earase_sector)
    i.w25qxx_pageProgram                     0x080038c4   Section        0  w25q.o(i.w25qxx_pageProgram)
    i.w25qxx_read_RS                         0x08003920   Section        0  w25q.o(i.w25qxx_read_RS)
    i.w25qxx_read_data                       0x08003944   Section        0  w25q.o(i.w25qxx_read_data)
    i.w25qxx_spi_init                        0x08003990   Section        0  w25q.o(i.w25qxx_spi_init)
    i.w25qxx_write_enable                    0x080039e8   Section        0  w25q.o(i.w25qxx_write_enable)
    x$fpl$dcmpinf                            0x08003a08   Section       24  dcmpi.o(x$fpl$dcmpinf)
    $v0                                      0x08003a08   Number         0  dcmpi.o(x$fpl$dcmpinf)
    x$fpl$dfixu                              0x08003a20   Section       90  dfixu.o(x$fpl$dfixu)
    $v0                                      0x08003a20   Number         0  dfixu.o(x$fpl$dfixu)
    x$fpl$dfltu                              0x08003a7a   Section       38  dflt_clz.o(x$fpl$dfltu)
    $v0                                      0x08003a7a   Number         0  dflt_clz.o(x$fpl$dfltu)
    x$fpl$dleqf                              0x08003aa0   Section      120  dleqf.o(x$fpl$dleqf)
    $v0                                      0x08003aa0   Number         0  dleqf.o(x$fpl$dleqf)
    x$fpl$dmul                               0x08003b18   Section      340  dmul.o(x$fpl$dmul)
    $v0                                      0x08003b18   Number         0  dmul.o(x$fpl$dmul)
    x$fpl$dnaninf                            0x08003c6c   Section      156  dnaninf.o(x$fpl$dnaninf)
    $v0                                      0x08003c6c   Number         0  dnaninf.o(x$fpl$dnaninf)
    x$fpl$dretinf                            0x08003d08   Section       12  dretinf.o(x$fpl$dretinf)
    $v0                                      0x08003d08   Number         0  dretinf.o(x$fpl$dretinf)
    x$fpl$drleqf                             0x08003d14   Section      108  drleqf.o(x$fpl$drleqf)
    $v0                                      0x08003d14   Number         0  drleqf.o(x$fpl$drleqf)
    x$fpl$dsqrt                              0x08003d80   Section      408  dsqrt_umaal.o(x$fpl$dsqrt)
    $v0                                      0x08003d80   Number         0  dsqrt_umaal.o(x$fpl$dsqrt)
    x$fpl$f2d                                0x08003f18   Section       86  f2d.o(x$fpl$f2d)
    $v0                                      0x08003f18   Number         0  f2d.o(x$fpl$f2d)
    x$fpl$fnaninf                            0x08003f6e   Section      140  fnaninf.o(x$fpl$fnaninf)
    $v0                                      0x08003f6e   Number         0  fnaninf.o(x$fpl$fnaninf)
    x$fpl$fpinit                             0x08003ffa   Section       10  fpinit.o(x$fpl$fpinit)
    $v0                                      0x08003ffa   Number         0  fpinit.o(x$fpl$fpinit)
    .constdata                               0x08004004   Section     5806  gui.o(.constdata)
    x$fpl$usenofp                            0x08004004   Section        0  usenofp.o(x$fpl$usenofp)
    .constdata                               0x080056b4   Section     3216  test.o(.constdata)
    .conststring                             0x08006344   Section       55  test.o(.conststring)
    .data                                    0x20000000   Section       10  test.o(.data)
    .data                                    0x2000000c   Section       12  usart.o(.data)
    NVIC_InitStructure                       0x2000000c   Data           4  usart.o(.data)
    GPIO_InitStructure                       0x20000010   Data           8  usart.o(.data)
    .data                                    0x20000018   Section        4  usart.o(.data)
    .data                                    0x2000001c   Section        3  key.o(.data)
    key_up                                   0x2000001e   Data           1  key.o(.data)
    .data                                    0x20000020   Section        4  pwm_ic.o(.data)
    .data                                    0x20000024   Section       16  infrared.o(.data)
    GPIO_InitStruct                          0x2000002c   Data           8  infrared.o(.data)
    .data                                    0x20000034   Section       12  mqtt.o(.data)
    id                                       0x20000034   Data           2  mqtt.o(.data)
    g_mqtt_tx_len                            0x20000038   Data           4  mqtt.o(.data)
    .data                                    0x20000040   Section        8  esp8266.o(.data)
    .data                                    0x20000048   Section        4  esp8266.o(.data)
    .data                                    0x2000004c   Section        8  rj45_nt1.o(.data)
    .data                                    0x20000054   Section        4  rj45_nt1.o(.data)
    .data                                    0x20000058   Section        2  lcd.o(.data)
    .data                                    0x2000005a   Section        2  lcd.o(.data)
    .data                                    0x2000005c   Section       44  touch.o(.data)
    .data                                    0x20000088   Section       16  stm32f4xx_rcc.o(.data)
    APBAHBPrescTable                         0x20000088   Data          16  stm32f4xx_rcc.o(.data)
    .data                                    0x20000098   Section       20  system_stm32f4xx.o(.data)
    .bss                                     0x200000ac   Section       16  usart.o(.bss)
    USART_InitStructure                      0x200000ac   Data          16  usart.o(.bss)
    .bss                                     0x200000bc   Section     1536  mqtt.o(.bss)
    g_mqtt_tx_buf                            0x200000bc   Data         512  mqtt.o(.bss)
    g_mqtt_msg                               0x200002bc   Data         512  mqtt.o(.bss)
    .bss                                     0x200006bc   Section      512  esp8266.o(.bss)
    .bss                                     0x200008bc   Section      512  rj45_nt1.o(.bss)
    .bss                                     0x20000abc   Section       14  lcd.o(.bss)
    .bss                                     0x20000aca   Section       14  touch.o(.bss)
    w25q_buf                                 0x20000aca   Data          14  touch.o(.bss)
    .bss                                     0x20000ad8   Section       96  libspace.o(.bss)
    HEAP                                     0x20000b38   Section      512  startup_stm32f40_41xxx.o(HEAP)
    Heap_Mem                                 0x20000b38   Data         512  startup_stm32f40_41xxx.o(HEAP)
    STACK                                    0x20000d38   Section     1024  startup_stm32f40_41xxx.o(STACK)
    Stack_Mem                                0x20000d38   Data        1024  startup_stm32f40_41xxx.o(STACK)
    __initial_sp                             0x20001138   Data           0  startup_stm32f40_41xxx.o(STACK)

    Global Symbols

    Symbol Name                              Value     Ov Type        Size  Object(Section)

    BuildAttributes$$THM_ISAv4$E$P$D$K$B$S$7EM$VFPi3$EXTD16$VFPS$VFMA$PE$A:L22UL41UL21$X:L11$S22US41US21$IEEE1$IW$USESV6$~STKCKD$USESV7$~SHL$OTIME$ROPI$IEEEJ$EBA8$UX$STANDARDLIB$REQ8$PRES8$EABIv2 0x00000000   Number         0  anon$$obj.o ABSOLUTE
    __ARM_use_no_argv                        0x00000000   Number         0  main.o ABSOLUTE
    _printf_flags                            0x00000000   Number         0  printf_stubs.o ABSOLUTE
    _printf_return_value                     0x00000000   Number         0  printf_stubs.o ABSOLUTE
    _printf_sizespec                         0x00000000   Number         0  printf_stubs.o ABSOLUTE
    _printf_widthprec                        0x00000000   Number         0  printf_stubs.o ABSOLUTE
    __ARM_exceptions_init                     - Undefined Weak Reference
    __alloca_initialize                       - Undefined Weak Reference
    __arm_preinit_                            - Undefined Weak Reference
    __cpp_initialize__aeabi_                  - Undefined Weak Reference
    __cxa_finalize                            - Undefined Weak Reference
    __sigvec_lookup                           - Undefined Weak Reference
    _atexit_init                              - Undefined Weak Reference
    _call_atexit_fns                          - Undefined Weak Reference
    _clock_init                               - Undefined Weak Reference
    _fp_trap_init                             - Undefined Weak Reference
    _fp_trap_shutdown                         - Undefined Weak Reference
    _get_lc_collate                           - Undefined Weak Reference
    _get_lc_ctype                             - Undefined Weak Reference
    _get_lc_monetary                          - Undefined Weak Reference
    _get_lc_time                              - Undefined Weak Reference
    _getenv_init                              - Undefined Weak Reference
    _handle_redirection                       - Undefined Weak Reference
    _init_alloc                               - Undefined Weak Reference
    _init_user_alloc                          - Undefined Weak Reference
    _initio                                   - Undefined Weak Reference
    _mutex_acquire                            - Undefined Weak Reference
    _mutex_release                            - Undefined Weak Reference
    _printf_post_padding                      - Undefined Weak Reference
    _printf_pre_padding                       - Undefined Weak Reference
    _printf_truncate_signed                   - Undefined Weak Reference
    _printf_truncate_unsigned                 - Undefined Weak Reference
    _rand_init                                - Undefined Weak Reference
    _signal_finish                            - Undefined Weak Reference
    _signal_init                              - Undefined Weak Reference
    _terminate_alloc                          - Undefined Weak Reference
    _terminate_user_alloc                     - Undefined Weak Reference
    _terminateio                              - Undefined Weak Reference
    __Vectors_Size                           0x00000188   Number         0  startup_stm32f40_41xxx.o ABSOLUTE
    __Vectors                                0x08000000   Data           4  startup_stm32f40_41xxx.o(RESET)
    __Vectors_End                            0x08000188   Data           0  startup_stm32f40_41xxx.o(RESET)
    __main                                   0x08000189   Thumb Code     8  __main.o(!!!main)
    __scatterload                            0x08000191   Thumb Code     0  __scatter.o(!!!scatter)
    __scatterload_rt2                        0x08000191   Thumb Code    44  __scatter.o(!!!scatter)
    __scatterload_rt2_thumb_only             0x08000191   Thumb Code     0  __scatter.o(!!!scatter)
    __scatterload_null                       0x0800019f   Thumb Code     0  __scatter.o(!!!scatter)
    __scatterload_copy                       0x080001c5   Thumb Code    26  __scatter_copy.o(!!handler_copy)
    __scatterload_zeroinit                   0x080001e1   Thumb Code    28  __scatter_zi.o(!!handler_zi)
    _printf_percent                          0x080001fd   Thumb Code     0  _printf_percent.o(.ARM.Collect$$_printf_percent$$00000000)
    _printf_percent_end                      0x080001fd   Thumb Code     0  _printf_percent_end.o(.ARM.Collect$$_printf_percent$$00000017)
    __rt_lib_init                            0x08000201   Thumb Code     0  libinit.o(.ARM.Collect$$libinit$$00000000)
    __rt_lib_init_fp_1                       0x08000203   Thumb Code     0  libinit2.o(.ARM.Collect$$libinit$$00000001)
    __rt_lib_init_alloca_1                   0x08000207   Thumb Code     0  libinit2.o(.ARM.Collect$$libinit$$0000002E)
    __rt_lib_init_argv_1                     0x08000207   Thumb Code     0  libinit2.o(.ARM.Collect$$libinit$$0000002C)
    __rt_lib_init_atexit_1                   0x08000207   Thumb Code     0  libinit2.o(.ARM.Collect$$libinit$$0000001B)
    __rt_lib_init_clock_1                    0x08000207   Thumb Code     0  libinit2.o(.ARM.Collect$$libinit$$00000021)
    __rt_lib_init_cpp_1                      0x08000207   Thumb Code     0  libinit2.o(.ARM.Collect$$libinit$$00000032)
    __rt_lib_init_exceptions_1               0x08000207   Thumb Code     0  libinit2.o(.ARM.Collect$$libinit$$00000030)
    __rt_lib_init_fp_trap_1                  0x08000207   Thumb Code     0  libinit2.o(.ARM.Collect$$libinit$$0000001F)
    __rt_lib_init_getenv_1                   0x08000207   Thumb Code     0  libinit2.o(.ARM.Collect$$libinit$$00000023)
    __rt_lib_init_heap_1                     0x08000207   Thumb Code     0  libinit2.o(.ARM.Collect$$libinit$$0000000A)
    __rt_lib_init_lc_collate_1               0x08000207   Thumb Code     0  libinit2.o(.ARM.Collect$$libinit$$00000011)
    __rt_lib_init_lc_ctype_1                 0x08000207   Thumb Code     0  libinit2.o(.ARM.Collect$$libinit$$00000013)
    __rt_lib_init_lc_monetary_1              0x08000207   Thumb Code     0  libinit2.o(.ARM.Collect$$libinit$$00000015)
    __rt_lib_init_lc_numeric_1               0x08000207   Thumb Code     0  libinit2.o(.ARM.Collect$$libinit$$00000017)
    __rt_lib_init_lc_time_1                  0x08000207   Thumb Code     0  libinit2.o(.ARM.Collect$$libinit$$00000019)
    __rt_lib_init_preinit_1                  0x08000207   Thumb Code     0  libinit2.o(.ARM.Collect$$libinit$$00000004)
    __rt_lib_init_rand_1                     0x08000207   Thumb Code     0  libinit2.o(.ARM.Collect$$libinit$$0000000E)
    __rt_lib_init_return                     0x08000207   Thumb Code     0  libinit2.o(.ARM.Collect$$libinit$$00000033)
    __rt_lib_init_signal_1                   0x08000207   Thumb Code     0  libinit2.o(.ARM.Collect$$libinit$$0000001D)
    __rt_lib_init_stdio_1                    0x08000207   Thumb Code     0  libinit2.o(.ARM.Collect$$libinit$$00000025)
    __rt_lib_init_user_alloc_1               0x08000207   Thumb Code     0  libinit2.o(.ARM.Collect$$libinit$$0000000C)
    __rt_lib_shutdown                        0x08000209   Thumb Code     0  libshutdown.o(.ARM.Collect$$libshutdown$$00000000)
    __rt_lib_shutdown_cpp_1                  0x0800020b   Thumb Code     0  libshutdown2.o(.ARM.Collect$$libshutdown$$00000002)
    __rt_lib_shutdown_fp_trap_1              0x0800020b   Thumb Code     0  libshutdown2.o(.ARM.Collect$$libshutdown$$00000007)
    __rt_lib_shutdown_heap_1                 0x0800020b   Thumb Code     0  libshutdown2.o(.ARM.Collect$$libshutdown$$0000000F)
    __rt_lib_shutdown_return                 0x0800020b   Thumb Code     0  libshutdown2.o(.ARM.Collect$$libshutdown$$00000010)
    __rt_lib_shutdown_signal_1               0x0800020b   Thumb Code     0  libshutdown2.o(.ARM.Collect$$libshutdown$$0000000A)
    __rt_lib_shutdown_stdio_1                0x0800020b   Thumb Code     0  libshutdown2.o(.ARM.Collect$$libshutdown$$00000004)
    __rt_lib_shutdown_user_alloc_1           0x0800020b   Thumb Code     0  libshutdown2.o(.ARM.Collect$$libshutdown$$0000000C)
    __rt_entry                               0x0800020d   Thumb Code     0  __rtentry.o(.ARM.Collect$$rtentry$$00000000)
    __rt_entry_presh_1                       0x0800020d   Thumb Code     0  __rtentry2.o(.ARM.Collect$$rtentry$$00000002)
    __rt_entry_sh                            0x0800020d   Thumb Code     0  __rtentry4.o(.ARM.Collect$$rtentry$$00000004)
    __rt_entry_li                            0x08000213   Thumb Code     0  __rtentry2.o(.ARM.Collect$$rtentry$$0000000A)
    __rt_entry_postsh_1                      0x08000213   Thumb Code     0  __rtentry2.o(.ARM.Collect$$rtentry$$00000009)
    __rt_entry_main                          0x08000217   Thumb Code     0  __rtentry2.o(.ARM.Collect$$rtentry$$0000000D)
    __rt_entry_postli_1                      0x08000217   Thumb Code     0  __rtentry2.o(.ARM.Collect$$rtentry$$0000000C)
    __rt_exit                                0x0800021f   Thumb Code     0  rtexit.o(.ARM.Collect$$rtexit$$00000000)
    __rt_exit_ls                             0x08000221   Thumb Code     0  rtexit2.o(.ARM.Collect$$rtexit$$00000003)
    __rt_exit_prels_1                        0x08000221   Thumb Code     0  rtexit2.o(.ARM.Collect$$rtexit$$00000002)
    __rt_exit_exit                           0x08000225   Thumb Code     0  rtexit2.o(.ARM.Collect$$rtexit$$00000004)
    Reset_Handler                            0x0800022d   Thumb Code     8  startup_stm32f40_41xxx.o(.text)
    NMI_Handler                              0x08000235   Thumb Code     2  startup_stm32f40_41xxx.o(.text)
    HardFault_Handler                        0x08000237   Thumb Code     2  startup_stm32f40_41xxx.o(.text)
    MemManage_Handler                        0x08000239   Thumb Code     2  startup_stm32f40_41xxx.o(.text)
    BusFault_Handler                         0x0800023b   Thumb Code     2  startup_stm32f40_41xxx.o(.text)
    UsageFault_Handler                       0x0800023d   Thumb Code     2  startup_stm32f40_41xxx.o(.text)
    SVC_Handler                              0x0800023f   Thumb Code     2  startup_stm32f40_41xxx.o(.text)
    DebugMon_Handler                         0x08000241   Thumb Code     2  startup_stm32f40_41xxx.o(.text)
    PendSV_Handler                           0x08000243   Thumb Code     2  startup_stm32f40_41xxx.o(.text)
    SysTick_Handler                          0x08000245   Thumb Code     2  startup_stm32f40_41xxx.o(.text)
    ADC_IRQHandler                           0x08000247   Thumb Code     0  startup_stm32f40_41xxx.o(.text)
    CAN1_RX0_IRQHandler                      0x08000247   Thumb Code     0  startup_stm32f40_41xxx.o(.text)
    CAN1_RX1_IRQHandler                      0x08000247   Thumb Code     0  startup_stm32f40_41xxx.o(.text)
    CAN1_SCE_IRQHandler                      0x08000247   Thumb Code     0  startup_stm32f40_41xxx.o(.text)
    CAN1_TX_IRQHandler                       0x08000247   Thumb Code     0  startup_stm32f40_41xxx.o(.text)
    CAN2_RX0_IRQHandler                      0x08000247   Thumb Code     0  startup_stm32f40_41xxx.o(.text)
    CAN2_RX1_IRQHandler                      0x08000247   Thumb Code     0  startup_stm32f40_41xxx.o(.text)
    CAN2_SCE_IRQHandler                      0x08000247   Thumb Code     0  startup_stm32f40_41xxx.o(.text)
    CAN2_TX_IRQHandler                       0x08000247   Thumb Code     0  startup_stm32f40_41xxx.o(.text)
    CRYP_IRQHandler                          0x08000247   Thumb Code     0  startup_stm32f40_41xxx.o(.text)
    DCMI_IRQHandler                          0x08000247   Thumb Code     0  startup_stm32f40_41xxx.o(.text)
    DMA1_Stream0_IRQHandler                  0x08000247   Thumb Code     0  startup_stm32f40_41xxx.o(.text)
    DMA1_Stream1_IRQHandler                  0x08000247   Thumb Code     0  startup_stm32f40_41xxx.o(.text)
    DMA1_Stream2_IRQHandler                  0x08000247   Thumb Code     0  startup_stm32f40_41xxx.o(.text)
    DMA1_Stream3_IRQHandler                  0x08000247   Thumb Code     0  startup_stm32f40_41xxx.o(.text)
    DMA1_Stream4_IRQHandler                  0x08000247   Thumb Code     0  startup_stm32f40_41xxx.o(.text)
    DMA1_Stream5_IRQHandler                  0x08000247   Thumb Code     0  startup_stm32f40_41xxx.o(.text)
    DMA1_Stream6_IRQHandler                  0x08000247   Thumb Code     0  startup_stm32f40_41xxx.o(.text)
    DMA1_Stream7_IRQHandler                  0x08000247   Thumb Code     0  startup_stm32f40_41xxx.o(.text)
    DMA2_Stream0_IRQHandler                  0x08000247   Thumb Code     0  startup_stm32f40_41xxx.o(.text)
    DMA2_Stream1_IRQHandler                  0x08000247   Thumb Code     0  startup_stm32f40_41xxx.o(.text)
    DMA2_Stream2_IRQHandler                  0x08000247   Thumb Code     0  startup_stm32f40_41xxx.o(.text)
    DMA2_Stream3_IRQHandler                  0x08000247   Thumb Code     0  startup_stm32f40_41xxx.o(.text)
    DMA2_Stream4_IRQHandler                  0x08000247   Thumb Code     0  startup_stm32f40_41xxx.o(.text)
    DMA2_Stream5_IRQHandler                  0x08000247   Thumb Code     0  startup_stm32f40_41xxx.o(.text)
    DMA2_Stream6_IRQHandler                  0x08000247   Thumb Code     0  startup_stm32f40_41xxx.o(.text)
    DMA2_Stream7_IRQHandler                  0x08000247   Thumb Code     0  startup_stm32f40_41xxx.o(.text)
    ETH_IRQHandler                           0x08000247   Thumb Code     0  startup_stm32f40_41xxx.o(.text)
    ETH_WKUP_IRQHandler                      0x08000247   Thumb Code     0  startup_stm32f40_41xxx.o(.text)
    EXTI0_IRQHandler                         0x08000247   Thumb Code     0  startup_stm32f40_41xxx.o(.text)
    EXTI15_10_IRQHandler                     0x08000247   Thumb Code     0  startup_stm32f40_41xxx.o(.text)
    EXTI1_IRQHandler                         0x08000247   Thumb Code     0  startup_stm32f40_41xxx.o(.text)
    EXTI9_5_IRQHandler                       0x08000247   Thumb Code     0  startup_stm32f40_41xxx.o(.text)
    FLASH_IRQHandler                         0x08000247   Thumb Code     0  startup_stm32f40_41xxx.o(.text)
    FPU_IRQHandler                           0x08000247   Thumb Code     0  startup_stm32f40_41xxx.o(.text)
    FSMC_IRQHandler                          0x08000247   Thumb Code     0  startup_stm32f40_41xxx.o(.text)
    HASH_RNG_IRQHandler                      0x08000247   Thumb Code     0  startup_stm32f40_41xxx.o(.text)
    I2C1_ER_IRQHandler                       0x08000247   Thumb Code     0  startup_stm32f40_41xxx.o(.text)
    I2C1_EV_IRQHandler                       0x08000247   Thumb Code     0  startup_stm32f40_41xxx.o(.text)
    I2C2_ER_IRQHandler                       0x08000247   Thumb Code     0  startup_stm32f40_41xxx.o(.text)
    I2C2_EV_IRQHandler                       0x08000247   Thumb Code     0  startup_stm32f40_41xxx.o(.text)
    I2C3_ER_IRQHandler                       0x08000247   Thumb Code     0  startup_stm32f40_41xxx.o(.text)
    I2C3_EV_IRQHandler                       0x08000247   Thumb Code     0  startup_stm32f40_41xxx.o(.text)
    OTG_FS_IRQHandler                        0x08000247   Thumb Code     0  startup_stm32f40_41xxx.o(.text)
    OTG_FS_WKUP_IRQHandler                   0x08000247   Thumb Code     0  startup_stm32f40_41xxx.o(.text)
    OTG_HS_EP1_IN_IRQHandler                 0x08000247   Thumb Code     0  startup_stm32f40_41xxx.o(.text)
    OTG_HS_EP1_OUT_IRQHandler                0x08000247   Thumb Code     0  startup_stm32f40_41xxx.o(.text)
    OTG_HS_IRQHandler                        0x08000247   Thumb Code     0  startup_stm32f40_41xxx.o(.text)
    OTG_HS_WKUP_IRQHandler                   0x08000247   Thumb Code     0  startup_stm32f40_41xxx.o(.text)
    PVD_IRQHandler                           0x08000247   Thumb Code     0  startup_stm32f40_41xxx.o(.text)
    RCC_IRQHandler                           0x08000247   Thumb Code     0  startup_stm32f40_41xxx.o(.text)
    RTC_Alarm_IRQHandler                     0x08000247   Thumb Code     0  startup_stm32f40_41xxx.o(.text)
    RTC_WKUP_IRQHandler                      0x08000247   Thumb Code     0  startup_stm32f40_41xxx.o(.text)
    SDIO_IRQHandler                          0x08000247   Thumb Code     0  startup_stm32f40_41xxx.o(.text)
    SPI1_IRQHandler                          0x08000247   Thumb Code     0  startup_stm32f40_41xxx.o(.text)
    SPI2_IRQHandler                          0x08000247   Thumb Code     0  startup_stm32f40_41xxx.o(.text)
    SPI3_IRQHandler                          0x08000247   Thumb Code     0  startup_stm32f40_41xxx.o(.text)
    TAMP_STAMP_IRQHandler                    0x08000247   Thumb Code     0  startup_stm32f40_41xxx.o(.text)
    TIM1_BRK_TIM9_IRQHandler                 0x08000247   Thumb Code     0  startup_stm32f40_41xxx.o(.text)
    TIM1_CC_IRQHandler                       0x08000247   Thumb Code     0  startup_stm32f40_41xxx.o(.text)
    TIM1_TRG_COM_TIM11_IRQHandler            0x08000247   Thumb Code     0  startup_stm32f40_41xxx.o(.text)
    TIM1_UP_TIM10_IRQHandler                 0x08000247   Thumb Code     0  startup_stm32f40_41xxx.o(.text)
    TIM2_IRQHandler                          0x08000247   Thumb Code     0  startup_stm32f40_41xxx.o(.text)
    TIM3_IRQHandler                          0x08000247   Thumb Code     0  startup_stm32f40_41xxx.o(.text)
    TIM4_IRQHandler                          0x08000247   Thumb Code     0  startup_stm32f40_41xxx.o(.text)
    TIM6_DAC_IRQHandler                      0x08000247   Thumb Code     0  startup_stm32f40_41xxx.o(.text)
    TIM7_IRQHandler                          0x08000247   Thumb Code     0  startup_stm32f40_41xxx.o(.text)
    TIM8_BRK_TIM12_IRQHandler                0x08000247   Thumb Code     0  startup_stm32f40_41xxx.o(.text)
    TIM8_CC_IRQHandler                       0x08000247   Thumb Code     0  startup_stm32f40_41xxx.o(.text)
    TIM8_TRG_COM_TIM14_IRQHandler            0x08000247   Thumb Code     0  startup_stm32f40_41xxx.o(.text)
    TIM8_UP_TIM13_IRQHandler                 0x08000247   Thumb Code     0  startup_stm32f40_41xxx.o(.text)
    UART4_IRQHandler                         0x08000247   Thumb Code     0  startup_stm32f40_41xxx.o(.text)
    UART5_IRQHandler                         0x08000247   Thumb Code     0  startup_stm32f40_41xxx.o(.text)
    USART6_IRQHandler                        0x08000247   Thumb Code     0  startup_stm32f40_41xxx.o(.text)
    WWDG_IRQHandler                          0x08000247   Thumb Code     0  startup_stm32f40_41xxx.o(.text)
    __user_initial_stackheap                 0x08000249   Thumb Code     0  startup_stm32f40_41xxx.o(.text)
    __use_no_semihosting                     0x0800026d   Thumb Code     2  use_no_semi_2.o(.text)
    __2printf                                0x08000271   Thumb Code    20  noretval__2printf.o(.text)
    __printf                                 0x08000289   Thumb Code   270  __printf_wp.o(.text)
    strlen                                   0x08000397   Thumb Code    62  strlen.o(.text)
    __aeabi_memclr                           0x080003d5   Thumb Code     0  rt_memclr.o(.text)
    __rt_memclr                              0x080003d5   Thumb Code    68  rt_memclr.o(.text)
    _memset                                  0x080003d9   Thumb Code     0  rt_memclr.o(.text)
    strncpy                                  0x08000419   Thumb Code    86  strncpy.o(.text)
    __use_two_region_memory                  0x0800046f   Thumb Code     2  heapauxi.o(.text)
    __rt_heap_escrow$2region                 0x08000471   Thumb Code     2  heapauxi.o(.text)
    __rt_heap_expand$2region                 0x08000473   Thumb Code     2  heapauxi.o(.text)
    __I$use$semihosting                      0x08000475   Thumb Code     0  use_no_semi.o(.text)
    __use_no_semihosting_swi                 0x08000475   Thumb Code     2  use_no_semi.o(.text)
    __read_errno                             0x08000477   Thumb Code    10  _rserrno.o(.text)
    __set_errno                              0x08000481   Thumb Code    12  _rserrno.o(.text)
    _printf_char_common                      0x08000497   Thumb Code    32  _printf_char_common.o(.text)
    _printf_char_file                        0x080004bd   Thumb Code    32  _printf_char_file.o(.text)
    __aeabi_memclr4                          0x080004e1   Thumb Code     0  rt_memclr_w.o(.text)
    __aeabi_memclr8                          0x080004e1   Thumb Code     0  rt_memclr_w.o(.text)
    __rt_memclr_w                            0x080004e1   Thumb Code    78  rt_memclr_w.o(.text)
    _memset_w                                0x080004e5   Thumb Code     0  rt_memclr_w.o(.text)
    __aeabi_errno_addr                       0x08000531   Thumb Code     8  rt_errno_addr_intlibspace.o(.text)
    __errno$intlibspace                      0x08000531   Thumb Code     0  rt_errno_addr_intlibspace.o(.text)
    __rt_errno_addr$intlibspace              0x08000531   Thumb Code     0  rt_errno_addr_intlibspace.o(.text)
    ferror                                   0x08000539   Thumb Code     8  ferror.o(.text)
    __user_libspace                          0x08000541   Thumb Code     8  libspace.o(.text)
    __user_perproc_libspace                  0x08000541   Thumb Code     0  libspace.o(.text)
    __user_perthread_libspace                0x08000541   Thumb Code     0  libspace.o(.text)
    __user_setup_stackheap                   0x08000549   Thumb Code    74  sys_stackheap_outer.o(.text)
    exit                                     0x08000593   Thumb Code    18  exit.o(.text)
    Chinese_Font_test                        0x080005a5   Thumb Code   110  test.o(i.Chinese_Font_test)
    DrawTestPage                             0x0800068d   Thumb Code   108  test.o(i.DrawTestPage)
    Draw_Triangel                            0x08000719   Thumb Code    48  gui.o(i.Draw_Triangel)
    EXTI2_IRQHandler                         0x08000749   Thumb Code    32  infrared.o(i.EXTI2_IRQHandler)
    EXTI3_IRQHandler                         0x0800076d   Thumb Code    52  key.o(i.EXTI3_IRQHandler)
    EXTI4_IRQHandler                         0x080007ad   Thumb Code    52  key.o(i.EXTI4_IRQHandler)
    EXTI_ClearITPendingBit                   0x080007ed   Thumb Code     6  stm32f4xx_exti.o(i.EXTI_ClearITPendingBit)
    EXTI_GetITStatus                         0x080007f9   Thumb Code    16  stm32f4xx_exti.o(i.EXTI_GetITStatus)
    EXTI_Init                                0x0800080d   Thumb Code   108  stm32f4xx_exti.o(i.EXTI_Init)
    English_Font_test                        0x0800087d   Thumb Code   148  test.o(i.English_Font_test)
    Fill_Triangel                            0x08000a15   Thumb Code   388  gui.o(i.Fill_Triangel)
    GPIO_Init                                0x08000b9d   Thumb Code   120  stm32f4xx_gpio.o(i.GPIO_Init)
    GPIO_PinAFConfig                         0x08000c15   Thumb Code    32  stm32f4xx_gpio.o(i.GPIO_PinAFConfig)
    GPIO_ReadInputDataBit                    0x08000c35   Thumb Code    14  stm32f4xx_gpio.o(i.GPIO_ReadInputDataBit)
    GPIO_SetBits                             0x08000c43   Thumb Code     4  stm32f4xx_gpio.o(i.GPIO_SetBits)
    GUI_DrawFont16                           0x08000c49   Thumb Code   218  gui.o(i.GUI_DrawFont16)
    GUI_DrawFont24                           0x08000d31   Thumb Code   222  gui.o(i.GUI_DrawFont24)
    GUI_DrawFont32                           0x08000e1d   Thumb Code   218  gui.o(i.GUI_DrawFont32)
    GUI_DrawPoint                            0x08000f05   Thumb Code    18  gui.o(i.GUI_DrawPoint)
    Gui_Drawbmp16                            0x08000f19   Thumb Code    76  gui.o(i.Gui_Drawbmp16)
    Gui_StrCenter                            0x08000f69   Thumb Code    62  gui.o(i.Gui_StrCenter)
    LCD_Clear                                0x08000fad   Thumb Code    82  lcd.o(i.LCD_Clear)
    LCD_DrawFillRectangle                    0x08001009   Thumb Code    14  gui.o(i.LCD_DrawFillRectangle)
    LCD_DrawLine                             0x0800101d   Thumb Code   150  gui.o(i.LCD_DrawLine)
    LCD_DrawPoint                            0x080010b5   Thumb Code    18  lcd.o(i.LCD_DrawPoint)
    LCD_DrawRectangle                        0x080010cd   Thumb Code    58  gui.o(i.LCD_DrawRectangle)
    LCD_Fill                                 0x08001109   Thumb Code    80  gui.o(i.LCD_Fill)
    LCD_GPIOInit                             0x0800115d   Thumb Code    48  lcd.o(i.LCD_GPIOInit)
    LCD_Init                                 0x08001191   Thumb Code   514  lcd.o(i.LCD_Init)
    LCD_RESET                                0x08001399   Thumb Code    34  lcd.o(i.LCD_RESET)
    LCD_SetCursor                            0x080013c1   Thumb Code     8  lcd.o(i.LCD_SetCursor)
    LCD_SetWindows                           0x080013c9   Thumb Code    88  lcd.o(i.LCD_SetWindows)
    LCD_ShowChar                             0x08001425   Thumb Code   248  gui.o(i.LCD_ShowChar)
    LCD_ShowNum                              0x0800152d   Thumb Code   126  gui.o(i.LCD_ShowNum)
    LCD_ShowString                           0x080015b5   Thumb Code    92  gui.o(i.LCD_ShowString)
    LCD_WR_DATA                              0x0800161d   Thumb Code    28  lcd.o(i.LCD_WR_DATA)
    LCD_WR_REG                               0x0800163d   Thumb Code    28  lcd.o(i.LCD_WR_REG)
    LCD_WriteRAM_Prepare                     0x0800165d   Thumb Code     8  lcd.o(i.LCD_WriteRAM_Prepare)
    LCD_WriteReg                             0x08001669   Thumb Code    18  lcd.o(i.LCD_WriteReg)
    LCD_direction                            0x0800167d   Thumb Code    74  lcd.o(i.LCD_direction)
    Lcd_WriteData_16Bit                      0x080016cd   Thumb Code    38  lcd.o(i.Lcd_WriteData_16Bit)
    NVIC_Init                                0x080016f9   Thumb Code    96  misc.o(i.NVIC_Init)
    NVIC_PriorityGroupConfig                 0x0800175d   Thumb Code    10  misc.o(i.NVIC_PriorityGroupConfig)
    Pic_test                                 0x08001771   Thumb Code   112  test.o(i.Pic_test)
    RCC_AHB1PeriphClockCmd                   0x080017fd   Thumb Code    18  stm32f4xx_rcc.o(i.RCC_AHB1PeriphClockCmd)
    RCC_APB2PeriphClockCmd                   0x08001815   Thumb Code    18  stm32f4xx_rcc.o(i.RCC_APB2PeriphClockCmd)
    RCC_GetClocksFreq                        0x0800182d   Thumb Code   132  stm32f4xx_rcc.o(i.RCC_GetClocksFreq)
    Rotate_Test                              0x080018bd   Thumb Code   106  test.o(i.Rotate_Test)
    SPIv_WriteData                           0x08001945   Thumb Code    46  spi.o(i.SPIv_WriteData)
    SYSCFG_EXTILineConfig                    0x08001979   Thumb Code    42  stm32f4xx_syscfg.o(i.SYSCFG_EXTILineConfig)
    Show_Str                                 0x08001a5d   Thumb Code   228  gui.o(i.Show_Str)
    SystemInit                               0x08001b45   Thumb Code    74  system_stm32f4xx.o(i.SystemInit)
    TIM5_IRQHandler                          0x08001ba1   Thumb Code    48  pwm_ic.o(i.TIM5_IRQHandler)
    TIM_ClearITPendingBit                    0x08001bd9   Thumb Code     6  stm32f4xx_tim.o(i.TIM_ClearITPendingBit)
    TIM_GetCapture1                          0x08001bdf   Thumb Code     4  stm32f4xx_tim.o(i.TIM_GetCapture1)
    TIM_GetITStatus                          0x08001be3   Thumb Code    24  stm32f4xx_tim.o(i.TIM_GetITStatus)
    TIM_SetCounter                           0x08001bfb   Thumb Code     4  stm32f4xx_tim.o(i.TIM_SetCounter)
    TP_Adj_Info_Show                         0x08001c01   Thumb Code   296  touch.o(i.TP_Adj_Info_Show)
    TP_Adjust                                0x08001d59   Thumb Code  1500  touch.o(i.TP_Adjust)
    TP_Draw_Big_Point                        0x0800237d   Thumb Code    48  touch.o(i.TP_Draw_Big_Point)
    TP_Drow_Touch_Point                      0x080023b1   Thumb Code   118  touch.o(i.TP_Drow_Touch_Point)
    TP_Get_Adjdata                           0x0800242d   Thumb Code   174  touch.o(i.TP_Get_Adjdata)
    TP_Init                                  0x080024e9   Thumb Code   106  touch.o(i.TP_Init)
    TP_Read_AD                               0x0800255d   Thumb Code   124  touch.o(i.TP_Read_AD)
    TP_Read_XOY                              0x080025e1   Thumb Code    96  touch.o(i.TP_Read_XOY)
    TP_Read_XY                               0x08002641   Thumb Code    34  touch.o(i.TP_Read_XY)
    TP_Read_XY2                              0x08002669   Thumb Code   124  touch.o(i.TP_Read_XY2)
    TP_Save_Adjdata                          0x080026e5   Thumb Code   142  touch.o(i.TP_Save_Adjdata)
    TP_Scan                                  0x08002781   Thumb Code   174  touch.o(i.TP_Scan)
    TP_Write_Byte                            0x08002839   Thumb Code    60  touch.o(i.TP_Write_Byte)
    Test_Circle                              0x08002879   Thumb Code   172  test.o(i.Test_Circle)
    Test_Color                               0x08002945   Thumb Code   196  test.o(i.Test_Color)
    Test_FillRec                             0x08002a2d   Thumb Code   192  test.o(i.Test_FillRec)
    Test_Triangle                            0x08002b11   Thumb Code   226  test.o(i.Test_Triangle)
    Touch_Test                               0x08002c1d   Thumb Code   362  test.o(i.Touch_Test)
    USART1_IRQHandler                        0x08002dbd   Thumb Code    40  usart.o(i.USART1_IRQHandler)
    USART2_IRQHandler                        0x08002de9   Thumb Code   136  usart.o(i.USART2_IRQHandler)
    USART3_IRQHandler                        0x08002e91   Thumb Code   128  usart.o(i.USART3_IRQHandler)
    USART_ClearITPendingBit                  0x08002f31   Thumb Code    12  stm32f4xx_usart.o(i.USART_ClearITPendingBit)
    USART_Cmd                                0x08002f3d   Thumb Code    20  stm32f4xx_usart.o(i.USART_Cmd)
    USART_GetFlagStatus                      0x08002f51   Thumb Code    14  stm32f4xx_usart.o(i.USART_GetFlagStatus)
    USART_GetITStatus                        0x08002f5f   Thumb Code    62  stm32f4xx_usart.o(i.USART_GetITStatus)
    USART_ITConfig                           0x08002f9d   Thumb Code    48  stm32f4xx_usart.o(i.USART_ITConfig)
    USART_Init                               0x08002fcd   Thumb Code   164  stm32f4xx_usart.o(i.USART_Init)
    USART_ReceiveData                        0x08003079   Thumb Code     8  stm32f4xx_usart.o(i.USART_ReceiveData)
    USART_SendData                           0x08003081   Thumb Code     8  stm32f4xx_usart.o(i.USART_SendData)
    __hardfp_sqrt                            0x08003089   Thumb Code   122  sqrt.o(i.__hardfp_sqrt)
    _draw_circle_8                           0x08003103   Thumb Code   152  gui.o(i._draw_circle_8)
    _is_digit                                0x0800319b   Thumb Code    14  __printf_wp.o(i._is_digit)
    _sys_exit                                0x080031a9   Thumb Code     2  usart.o(i._sys_exit)
    delay_ms                                 0x080031ad   Thumb Code    46  delay.o(i.delay_ms)
    delay_us                                 0x080031e1   Thumb Code    42  delay.o(i.delay_us)
    fputc                                    0x08003215   Thumb Code    14  usart.o(i.fputc)
    gui_circle                               0x08003229   Thumb Code   132  gui.o(i.gui_circle)
    infrared_ReadByte                        0x080032ad   Thumb Code   226  infrared.o(i.infrared_ReadByte)
    key_Scan                                 0x08003399   Thumb Code   190  key.o(i.key_Scan)
    key_init                                 0x08003465   Thumb Code   134  key.o(i.key_init)
    led_init                                 0x080034f1   Thumb Code    58  led.o(i.led_init)
    main                                     0x08003535   Thumb Code   122  main.o(i.main)
    main_test                                0x08003669   Thumb Code   108  test.o(i.main_test)
    mypow                                    0x0800372d   Thumb Code    16  gui.o(i.mypow)
    spi_init                                 0x0800373d   Thumb Code    76  spi.o(i.spi_init)
    spi_send_byte                            0x0800378d   Thumb Code    78  spi.o(i.spi_send_byte)
    usart1_init                              0x080037e1   Thumb Code   140  usart.o(i.usart1_init)
    w25qxx_earase_sector                     0x0800387d   Thumb Code    68  w25q.o(i.w25qxx_earase_sector)
    w25qxx_pageProgram                       0x080038c5   Thumb Code    86  w25q.o(i.w25qxx_pageProgram)
    w25qxx_read_RS                           0x08003921   Thumb Code    32  w25q.o(i.w25qxx_read_RS)
    w25qxx_read_data                         0x08003945   Thumb Code    72  w25q.o(i.w25qxx_read_data)
    w25qxx_spi_init                          0x08003991   Thumb Code    84  w25q.o(i.w25qxx_spi_init)
    w25qxx_write_enable                      0x080039e9   Thumb Code    26  w25q.o(i.w25qxx_write_enable)
    __fpl_dcmp_Inf                           0x08003a09   Thumb Code    24  dcmpi.o(x$fpl$dcmpinf)
    __aeabi_d2uiz                            0x08003a21   Thumb Code     0  dfixu.o(x$fpl$dfixu)
    _dfixu                                   0x08003a21   Thumb Code    90  dfixu.o(x$fpl$dfixu)
    __aeabi_ui2d                             0x08003a7b   Thumb Code     0  dflt_clz.o(x$fpl$dfltu)
    _dfltu                                   0x08003a7b   Thumb Code    38  dflt_clz.o(x$fpl$dfltu)
    __aeabi_cdcmple                          0x08003aa1   Thumb Code     0  dleqf.o(x$fpl$dleqf)
    _dcmple                                  0x08003aa1   Thumb Code   120  dleqf.o(x$fpl$dleqf)
    __fpl_dcmple_InfNaN                      0x08003b03   Thumb Code     0  dleqf.o(x$fpl$dleqf)
    __aeabi_dmul                             0x08003b19   Thumb Code     0  dmul.o(x$fpl$dmul)
    _dmul                                    0x08003b19   Thumb Code   332  dmul.o(x$fpl$dmul)
    __fpl_dnaninf                            0x08003c6d   Thumb Code   156  dnaninf.o(x$fpl$dnaninf)
    __fpl_dretinf                            0x08003d09   Thumb Code    12  dretinf.o(x$fpl$dretinf)
    __aeabi_cdrcmple                         0x08003d15   Thumb Code     0  drleqf.o(x$fpl$drleqf)
    _drcmple                                 0x08003d15   Thumb Code   108  drleqf.o(x$fpl$drleqf)
    _dsqrt                                   0x08003d81   Thumb Code   404  dsqrt_umaal.o(x$fpl$dsqrt)
    __aeabi_f2d                              0x08003f19   Thumb Code     0  f2d.o(x$fpl$f2d)
    _f2d                                     0x08003f19   Thumb Code    86  f2d.o(x$fpl$f2d)
    __fpl_fnaninf                            0x08003f6f   Thumb Code   140  fnaninf.o(x$fpl$fnaninf)
    _fp_init                                 0x08003ffb   Thumb Code    10  fpinit.o(x$fpl$fpinit)
    __fplib_config_fpu_vfp                   0x08004003   Thumb Code     0  fpinit.o(x$fpl$fpinit)
    __fplib_config_pureend_doubles           0x08004003   Thumb Code     0  fpinit.o(x$fpl$fpinit)
    __I$use$fp                               0x08004004   Number         0  usenofp.o(x$fpl$usenofp)
    asc2_1206                                0x08004004   Data        1140  gui.o(.constdata)
    asc2_1608                                0x08004478   Data        1520  gui.o(.constdata)
    tfont16                                  0x08004a68   Data        2108  gui.o(.constdata)
    tfont24                                  0x080052a4   Data         518  gui.o(.constdata)
    tfont32                                  0x080054aa   Data         520  gui.o(.constdata)
    gImage_qq                                0x080056b4   Data        3200  test.o(.constdata)
    Region$$Table$$Base                      0x0800637c   Number         0  anon$$obj.o(Region$$Table)
    Region$$Table$$Limit                     0x0800639c   Number         0  anon$$obj.o(Region$$Table)
    ColorTab                                 0x20000000   Data          10  test.o(.data)
    __stdout                                 0x20000018   Data           4  usart.o(.data)
    key_btn3                                 0x2000001c   Data           1  key.o(.data)
    key_btn4                                 0x2000001d   Data           1  key.o(.data)
    freq                                     0x20000020   Data           4  pwm_ic.o(.data)
    ir_Data                                  0x20000024   Data           4  infrared.o(.data)
    ir_recv_over                             0x20000028   Data           4  infrared.o(.data)
    g_mqtt_rx_len                            0x2000003c   Data           4  mqtt.o(.data)
    g_esp8266_rx_cnt                         0x20000040   Data           4  esp8266.o(.data)
    g_esp8266_transparent_transmission_sta   0x20000044   Data           4  esp8266.o(.data)
    g_esp8266_rx_end                         0x20000048   Data           4  esp8266.o(.data)
    g_rj45_at_mode                           0x2000004c   Data           4  rj45_nt1.o(.data)
    g_rj45_rx_cnt                            0x20000050   Data           4  rj45_nt1.o(.data)
    g_rj45_rx_end                            0x20000054   Data           4  rj45_nt1.o(.data)
    POINT_COLOR                              0x20000058   Data           2  lcd.o(.data)
    BACK_COLOR                               0x2000005a   Data           2  lcd.o(.data)
    CMD_RDX                                  0x2000005c   Data           1  touch.o(.data)
    CMD_RDY                                  0x2000005d   Data           1  touch.o(.data)
    tp_dev                                   0x20000060   Data          40  touch.o(.data)
    SystemCoreClock                          0x20000098   Data           4  system_stm32f4xx.o(.data)
    AHBPrescTable                            0x2000009c   Data          16  system_stm32f4xx.o(.data)
    g_mqtt_rx_buf                            0x200004bc   Data         512  mqtt.o(.bss)
    g_esp8266_rx_buf                         0x200006bc   Data         512  esp8266.o(.bss)
    g_rj45_rx_buf                            0x200008bc   Data         512  rj45_nt1.o(.bss)
    lcddev                                   0x20000abc   Data          14  lcd.o(.bss)
    __libspace_start                         0x20000ad8   Data          96  libspace.o(.bss)
    __temporary_stack_top$libspace           0x20000b38   Data           0  libspace.o(.bss)



==============================================================================

Memory Map of the image

  Image Entry point : 0x08000189

  Load Region LR_IROM1 (Base: 0x08000000, Size: 0x00006448, Max: 0x00100000, ABSOLUTE)

    Execution Region ER_IROM1 (Exec base: 0x08000000, Load base: 0x08000000, Size: 0x0000639c, Max: 0x00100000, ABSOLUTE)

    Exec Addr    Load Addr    Size         Type   Attr      Idx    E Section Name        Object

    0x08000000   0x08000000   0x00000188   Data   RO         4463    RESET               startup_stm32f40_41xxx.o
    0x08000188   0x08000188   0x00000008   Code   RO         4560  * !!!main             c_w.l(__main.o)
    0x08000190   0x08000190   0x00000034   Code   RO         4829    !!!scatter          c_w.l(__scatter.o)
    0x080001c4   0x080001c4   0x0000001a   Code   RO         4831    !!handler_copy      c_w.l(__scatter_copy.o)
    0x080001de   0x080001de   0x00000002   PAD
    0x080001e0   0x080001e0   0x0000001c   Code   RO         4833    !!handler_zi        c_w.l(__scatter_zi.o)
    0x080001fc   0x080001fc   0x00000000   Code   RO         4547    .ARM.Collect$$_printf_percent$$00000000  c_w.l(_printf_percent.o)
    0x080001fc   0x080001fc   0x00000004   Code   RO         4609    .ARM.Collect$$_printf_percent$$00000017  c_w.l(_printf_percent_end.o)
    0x08000200   0x08000200   0x00000002   Code   RO         4706    .ARM.Collect$$libinit$$00000000  c_w.l(libinit.o)
    0x08000202   0x08000202   0x00000004   Code   RO         4707    .ARM.Collect$$libinit$$00000001  c_w.l(libinit2.o)
    0x08000206   0x08000206   0x00000000   Code   RO         4710    .ARM.Collect$$libinit$$00000004  c_w.l(libinit2.o)
    0x08000206   0x08000206   0x00000000   Code   RO         4713    .ARM.Collect$$libinit$$0000000A  c_w.l(libinit2.o)
    0x08000206   0x08000206   0x00000000   Code   RO         4715    .ARM.Collect$$libinit$$0000000C  c_w.l(libinit2.o)
    0x08000206   0x08000206   0x00000000   Code   RO         4717    .ARM.Collect$$libinit$$0000000E  c_w.l(libinit2.o)
    0x08000206   0x08000206   0x00000000   Code   RO         4720    .ARM.Collect$$libinit$$00000011  c_w.l(libinit2.o)
    0x08000206   0x08000206   0x00000000   Code   RO         4722    .ARM.Collect$$libinit$$00000013  c_w.l(libinit2.o)
    0x08000206   0x08000206   0x00000000   Code   RO         4724    .ARM.Collect$$libinit$$00000015  c_w.l(libinit2.o)
    0x08000206   0x08000206   0x00000000   Code   RO         4726    .ARM.Collect$$libinit$$00000017  c_w.l(libinit2.o)
    0x08000206   0x08000206   0x00000000   Code   RO         4728    .ARM.Collect$$libinit$$00000019  c_w.l(libinit2.o)
    0x08000206   0x08000206   0x00000000   Code   RO         4730    .ARM.Collect$$libinit$$0000001B  c_w.l(libinit2.o)
    0x08000206   0x08000206   0x00000000   Code   RO         4732    .ARM.Collect$$libinit$$0000001D  c_w.l(libinit2.o)
    0x08000206   0x08000206   0x00000000   Code   RO         4734    .ARM.Collect$$libinit$$0000001F  c_w.l(libinit2.o)
    0x08000206   0x08000206   0x00000000   Code   RO         4736    .ARM.Collect$$libinit$$00000021  c_w.l(libinit2.o)
    0x08000206   0x08000206   0x00000000   Code   RO         4738    .ARM.Collect$$libinit$$00000023  c_w.l(libinit2.o)
    0x08000206   0x08000206   0x00000000   Code   RO         4740    .ARM.Collect$$libinit$$00000025  c_w.l(libinit2.o)
    0x08000206   0x08000206   0x00000000   Code   RO         4744    .ARM.Collect$$libinit$$0000002C  c_w.l(libinit2.o)
    0x08000206   0x08000206   0x00000000   Code   RO         4746    .ARM.Collect$$libinit$$0000002E  c_w.l(libinit2.o)
    0x08000206   0x08000206   0x00000000   Code   RO         4748    .ARM.Collect$$libinit$$00000030  c_w.l(libinit2.o)
    0x08000206   0x08000206   0x00000000   Code   RO         4750    .ARM.Collect$$libinit$$00000032  c_w.l(libinit2.o)
    0x08000206   0x08000206   0x00000002   Code   RO         4751    .ARM.Collect$$libinit$$00000033  c_w.l(libinit2.o)
    0x08000208   0x08000208   0x00000002   Code   RO         4779    .ARM.Collect$$libshutdown$$00000000  c_w.l(libshutdown.o)
    0x0800020a   0x0800020a   0x00000000   Code   RO         4788    .ARM.Collect$$libshutdown$$00000002  c_w.l(libshutdown2.o)
    0x0800020a   0x0800020a   0x00000000   Code   RO         4790    .ARM.Collect$$libshutdown$$00000004  c_w.l(libshutdown2.o)
    0x0800020a   0x0800020a   0x00000000   Code   RO         4793    .ARM.Collect$$libshutdown$$00000007  c_w.l(libshutdown2.o)
    0x0800020a   0x0800020a   0x00000000   Code   RO         4796    .ARM.Collect$$libshutdown$$0000000A  c_w.l(libshutdown2.o)
    0x0800020a   0x0800020a   0x00000000   Code   RO         4798    .ARM.Collect$$libshutdown$$0000000C  c_w.l(libshutdown2.o)
    0x0800020a   0x0800020a   0x00000000   Code   RO         4801    .ARM.Collect$$libshutdown$$0000000F  c_w.l(libshutdown2.o)
    0x0800020a   0x0800020a   0x00000002   Code   RO         4802    .ARM.Collect$$libshutdown$$00000010  c_w.l(libshutdown2.o)
    0x0800020c   0x0800020c   0x00000000   Code   RO         4596    .ARM.Collect$$rtentry$$00000000  c_w.l(__rtentry.o)
    0x0800020c   0x0800020c   0x00000000   Code   RO         4626    .ARM.Collect$$rtentry$$00000002  c_w.l(__rtentry2.o)
    0x0800020c   0x0800020c   0x00000006   Code   RO         4638    .ARM.Collect$$rtentry$$00000004  c_w.l(__rtentry4.o)
    0x08000212   0x08000212   0x00000000   Code   RO         4628    .ARM.Collect$$rtentry$$00000009  c_w.l(__rtentry2.o)
    0x08000212   0x08000212   0x00000004   Code   RO         4629    .ARM.Collect$$rtentry$$0000000A  c_w.l(__rtentry2.o)
    0x08000216   0x08000216   0x00000000   Code   RO         4631    .ARM.Collect$$rtentry$$0000000C  c_w.l(__rtentry2.o)
    0x08000216   0x08000216   0x00000008   Code   RO         4632    .ARM.Collect$$rtentry$$0000000D  c_w.l(__rtentry2.o)
    0x0800021e   0x0800021e   0x00000002   Code   RO         4752    .ARM.Collect$$rtexit$$00000000  c_w.l(rtexit.o)
    0x08000220   0x08000220   0x00000000   Code   RO         4759    .ARM.Collect$$rtexit$$00000002  c_w.l(rtexit2.o)
    0x08000220   0x08000220   0x00000004   Code   RO         4760    .ARM.Collect$$rtexit$$00000003  c_w.l(rtexit2.o)
    0x08000224   0x08000224   0x00000006   Code   RO         4761    .ARM.Collect$$rtexit$$00000004  c_w.l(rtexit2.o)
    0x0800022a   0x0800022a   0x00000002   PAD
    0x0800022c   0x0800022c   0x00000040   Code   RO         4464    .text               startup_stm32f40_41xxx.o
    0x0800026c   0x0800026c   0x00000002   Code   RO         4511    .text               c_w.l(use_no_semi_2.o)
    0x0800026e   0x0800026e   0x00000002   PAD
    0x08000270   0x08000270   0x00000018   Code   RO         4517    .text               c_w.l(noretval__2printf.o)
    0x08000288   0x08000288   0x0000010e   Code   RO         4533    .text               c_w.l(__printf_wp.o)
    0x08000396   0x08000396   0x0000003e   Code   RO         4550    .text               c_w.l(strlen.o)
    0x080003d4   0x080003d4   0x00000044   Code   RO         4554    .text               c_w.l(rt_memclr.o)
    0x08000418   0x08000418   0x00000056   Code   RO         4556    .text               c_w.l(strncpy.o)
    0x0800046e   0x0800046e   0x00000006   Code   RO         4558    .text               c_w.l(heapauxi.o)
    0x08000474   0x08000474   0x00000002   Code   RO         4594    .text               c_w.l(use_no_semi.o)
    0x08000476   0x08000476   0x00000016   Code   RO         4597    .text               c_w.l(_rserrno.o)
    0x0800048c   0x0800048c   0x00000030   Code   RO         4603    .text               c_w.l(_printf_char_common.o)
    0x080004bc   0x080004bc   0x00000024   Code   RO         4607    .text               c_w.l(_printf_char_file.o)
    0x080004e0   0x080004e0   0x0000004e   Code   RO         4612    .text               c_w.l(rt_memclr_w.o)
    0x0800052e   0x0800052e   0x00000002   PAD
    0x08000530   0x08000530   0x00000008   Code   RO         4648    .text               c_w.l(rt_errno_addr_intlibspace.o)
    0x08000538   0x08000538   0x00000008   Code   RO         4681    .text               c_w.l(ferror.o)
    0x08000540   0x08000540   0x00000008   Code   RO         4692    .text               c_w.l(libspace.o)
    0x08000548   0x08000548   0x0000004a   Code   RO         4695    .text               c_w.l(sys_stackheap_outer.o)
    0x08000592   0x08000592   0x00000012   Code   RO         4697    .text               c_w.l(exit.o)
    0x080005a4   0x080005a4   0x000000e8   Code   RO          282    i.Chinese_Font_test  test.o
    0x0800068c   0x0800068c   0x0000008c   Code   RO          283    i.DrawTestPage      test.o
    0x08000718   0x08000718   0x00000030   Code   RO          139    i.Draw_Triangel     gui.o
    0x08000748   0x08000748   0x00000024   Code   RO          954    i.EXTI2_IRQHandler  infrared.o
    0x0800076c   0x0800076c   0x00000040   Code   RO          576    i.EXTI3_IRQHandler  key.o
    0x080007ac   0x080007ac   0x00000040   Code   RO          577    i.EXTI4_IRQHandler  key.o
    0x080007ec   0x080007ec   0x0000000c   Code   RO         2150    i.EXTI_ClearITPendingBit  stm32f4xx_exti.o
    0x080007f8   0x080007f8   0x00000014   Code   RO         2154    i.EXTI_GetITStatus  stm32f4xx_exti.o
    0x0800080c   0x0800080c   0x00000070   Code   RO         2155    i.EXTI_Init         stm32f4xx_exti.o
    0x0800087c   0x0800087c   0x00000198   Code   RO          284    i.English_Font_test  test.o
    0x08000a14   0x08000a14   0x00000188   Code   RO          140    i.Fill_Triangel     gui.o
    0x08000b9c   0x08000b9c   0x00000078   Code   RO         2474    i.GPIO_Init         stm32f4xx_gpio.o
    0x08000c14   0x08000c14   0x00000020   Code   RO         2475    i.GPIO_PinAFConfig  stm32f4xx_gpio.o
    0x08000c34   0x08000c34   0x0000000e   Code   RO         2478    i.GPIO_ReadInputDataBit  stm32f4xx_gpio.o
    0x08000c42   0x08000c42   0x00000004   Code   RO         2482    i.GPIO_SetBits      stm32f4xx_gpio.o
    0x08000c46   0x08000c46   0x00000002   PAD
    0x08000c48   0x08000c48   0x000000e8   Code   RO          141    i.GUI_DrawFont16    gui.o
    0x08000d30   0x08000d30   0x000000ec   Code   RO          142    i.GUI_DrawFont24    gui.o
    0x08000e1c   0x08000e1c   0x000000e8   Code   RO          143    i.GUI_DrawFont32    gui.o
    0x08000f04   0x08000f04   0x00000012   Code   RO          144    i.GUI_DrawPoint     gui.o
    0x08000f16   0x08000f16   0x00000002   PAD
    0x08000f18   0x08000f18   0x00000050   Code   RO          145    i.Gui_Drawbmp16     gui.o
    0x08000f68   0x08000f68   0x00000044   Code   RO          146    i.Gui_StrCenter     gui.o
    0x08000fac   0x08000fac   0x0000005c   Code   RO         1430    i.LCD_Clear         lcd.o
    0x08001008   0x08001008   0x00000014   Code   RO          147    i.LCD_DrawFillRectangle  gui.o
    0x0800101c   0x0800101c   0x00000096   Code   RO          148    i.LCD_DrawLine      gui.o
    0x080010b2   0x080010b2   0x00000002   PAD
    0x080010b4   0x080010b4   0x00000018   Code   RO         1431    i.LCD_DrawPoint     lcd.o
    0x080010cc   0x080010cc   0x0000003a   Code   RO          149    i.LCD_DrawRectangle  gui.o
    0x08001106   0x08001106   0x00000002   PAD
    0x08001108   0x08001108   0x00000054   Code   RO          150    i.LCD_Fill          gui.o
    0x0800115c   0x0800115c   0x00000034   Code   RO         1432    i.LCD_GPIOInit      lcd.o
    0x08001190   0x08001190   0x00000208   Code   RO         1433    i.LCD_Init          lcd.o
    0x08001398   0x08001398   0x00000028   Code   RO         1434    i.LCD_RESET         lcd.o
    0x080013c0   0x080013c0   0x00000008   Code   RO         1435    i.LCD_SetCursor     lcd.o
    0x080013c8   0x080013c8   0x0000005c   Code   RO         1436    i.LCD_SetWindows    lcd.o
    0x08001424   0x08001424   0x00000108   Code   RO          151    i.LCD_ShowChar      gui.o
    0x0800152c   0x0800152c   0x00000088   Code   RO          152    i.LCD_ShowNum       gui.o
    0x080015b4   0x080015b4   0x00000068   Code   RO          153    i.LCD_ShowString    gui.o
    0x0800161c   0x0800161c   0x00000020   Code   RO         1437    i.LCD_WR_DATA       lcd.o
    0x0800163c   0x0800163c   0x00000020   Code   RO         1438    i.LCD_WR_REG        lcd.o
    0x0800165c   0x0800165c   0x0000000c   Code   RO         1439    i.LCD_WriteRAM_Prepare  lcd.o
    0x08001668   0x08001668   0x00000012   Code   RO         1440    i.LCD_WriteReg      lcd.o
    0x0800167a   0x0800167a   0x00000002   PAD
    0x0800167c   0x0800167c   0x00000050   Code   RO         1441    i.LCD_direction     lcd.o
    0x080016cc   0x080016cc   0x0000002c   Code   RO         1442    i.Lcd_WriteData_16Bit  lcd.o
    0x080016f8   0x080016f8   0x00000064   Code   RO         1723    i.NVIC_Init         misc.o
    0x0800175c   0x0800175c   0x00000014   Code   RO         1724    i.NVIC_PriorityGroupConfig  misc.o
    0x08001770   0x08001770   0x0000008c   Code   RO          285    i.Pic_test          test.o
    0x080017fc   0x080017fc   0x00000018   Code   RO         2803    i.RCC_AHB1PeriphClockCmd  stm32f4xx_rcc.o
    0x08001814   0x08001814   0x00000018   Code   RO         2815    i.RCC_APB2PeriphClockCmd  stm32f4xx_rcc.o
    0x0800182c   0x0800182c   0x00000090   Code   RO         2824    i.RCC_GetClocksFreq  stm32f4xx_rcc.o
    0x080018bc   0x080018bc   0x00000088   Code   RO          286    i.Rotate_Test       test.o
    0x08001944   0x08001944   0x00000034   Code   RO         1391    i.SPIv_WriteData    spi.o
    0x08001978   0x08001978   0x00000030   Code   RO         3664    i.SYSCFG_EXTILineConfig  stm32f4xx_syscfg.o
    0x080019a8   0x080019a8   0x000000b4   Code   RO         4471    i.SetSysClock       system_stm32f4xx.o
    0x08001a5c   0x08001a5c   0x000000e8   Code   RO          154    i.Show_Str          gui.o
    0x08001b44   0x08001b44   0x0000005c   Code   RO         4473    i.SystemInit        system_stm32f4xx.o
    0x08001ba0   0x08001ba0   0x00000038   Code   RO          913    i.TIM5_IRQHandler   pwm_ic.o
    0x08001bd8   0x08001bd8   0x00000006   Code   RO         3730    i.TIM_ClearITPendingBit  stm32f4xx_tim.o
    0x08001bde   0x08001bde   0x00000004   Code   RO         3750    i.TIM_GetCapture1   stm32f4xx_tim.o
    0x08001be2   0x08001be2   0x00000018   Code   RO         3756    i.TIM_GetITStatus   stm32f4xx_tim.o
    0x08001bfa   0x08001bfa   0x00000004   Code   RO         3801    i.TIM_SetCounter    stm32f4xx_tim.o
    0x08001bfe   0x08001bfe   0x00000002   PAD
    0x08001c00   0x08001c00   0x00000158   Code   RO         1528    i.TP_Adj_Info_Show  touch.o
    0x08001d58   0x08001d58   0x00000624   Code   RO         1529    i.TP_Adjust         touch.o
    0x0800237c   0x0800237c   0x00000034   Code   RO         1530    i.TP_Draw_Big_Point  touch.o
    0x080023b0   0x080023b0   0x0000007c   Code   RO         1531    i.TP_Drow_Touch_Point  touch.o
    0x0800242c   0x0800242c   0x000000bc   Code   RO         1532    i.TP_Get_Adjdata    touch.o
    0x080024e8   0x080024e8   0x00000074   Code   RO         1533    i.TP_Init           touch.o
    0x0800255c   0x0800255c   0x00000084   Code   RO         1534    i.TP_Read_AD        touch.o
    0x080025e0   0x080025e0   0x00000060   Code   RO         1535    i.TP_Read_XOY       touch.o
    0x08002640   0x08002640   0x00000028   Code   RO         1536    i.TP_Read_XY        touch.o
    0x08002668   0x08002668   0x0000007c   Code   RO         1537    i.TP_Read_XY2       touch.o
    0x080026e4   0x080026e4   0x0000009c   Code   RO         1538    i.TP_Save_Adjdata   touch.o
    0x08002780   0x08002780   0x000000b8   Code   RO         1539    i.TP_Scan           touch.o
    0x08002838   0x08002838   0x00000040   Code   RO         1540    i.TP_Write_Byte     touch.o
    0x08002878   0x08002878   0x000000cc   Code   RO          287    i.Test_Circle       test.o
    0x08002944   0x08002944   0x000000e8   Code   RO          288    i.Test_Color        test.o
    0x08002a2c   0x08002a2c   0x000000e4   Code   RO          289    i.Test_FillRec      test.o
    0x08002b10   0x08002b10   0x0000010c   Code   RO          290    i.Test_Triangle     test.o
    0x08002c1c   0x08002c1c   0x000001a0   Code   RO          291    i.Touch_Test        test.o
    0x08002dbc   0x08002dbc   0x0000002c   Code   RO          433    i.USART1_IRQHandler  usart.o
    0x08002de8   0x08002de8   0x000000a8   Code   RO          434    i.USART2_IRQHandler  usart.o
    0x08002e90   0x08002e90   0x000000a0   Code   RO          435    i.USART3_IRQHandler  usart.o
    0x08002f30   0x08002f30   0x0000000c   Code   RO         4273    i.USART_ClearITPendingBit  stm32f4xx_usart.o
    0x08002f3c   0x08002f3c   0x00000014   Code   RO         4276    i.USART_Cmd         stm32f4xx_usart.o
    0x08002f50   0x08002f50   0x0000000e   Code   RO         4279    i.USART_GetFlagStatus  stm32f4xx_usart.o
    0x08002f5e   0x08002f5e   0x0000003e   Code   RO         4280    i.USART_GetITStatus  stm32f4xx_usart.o
    0x08002f9c   0x08002f9c   0x00000030   Code   RO         4282    i.USART_ITConfig    stm32f4xx_usart.o
    0x08002fcc   0x08002fcc   0x000000ac   Code   RO         4283    i.USART_Init        stm32f4xx_usart.o
    0x08003078   0x08003078   0x00000008   Code   RO         4290    i.USART_ReceiveData  stm32f4xx_usart.o
    0x08003080   0x08003080   0x00000008   Code   RO         4293    i.USART_SendData    stm32f4xx_usart.o
    0x08003088   0x08003088   0x0000007a   Code   RO         4582    i.__hardfp_sqrt     m_wm.l(sqrt.o)
    0x08003102   0x08003102   0x00000098   Code   RO          155    i._draw_circle_8    gui.o
    0x0800319a   0x0800319a   0x0000000e   Code   RO         4535    i._is_digit         c_w.l(__printf_wp.o)
    0x080031a8   0x080031a8   0x00000002   Code   RO          436    i._sys_exit         usart.o
    0x080031aa   0x080031aa   0x00000002   PAD
    0x080031ac   0x080031ac   0x00000034   Code   RO          403    i.delay_ms          delay.o
    0x080031e0   0x080031e0   0x00000034   Code   RO          404    i.delay_us          delay.o
    0x08003214   0x08003214   0x00000014   Code   RO          437    i.fputc             usart.o
    0x08003228   0x08003228   0x00000084   Code   RO          156    i.gui_circle        gui.o
    0x080032ac   0x080032ac   0x000000ec   Code   RO          955    i.infrared_ReadByte  infrared.o
    0x08003398   0x08003398   0x000000cc   Code   RO          578    i.key_Scan          key.o
    0x08003464   0x08003464   0x0000008c   Code   RO          579    i.key_init          key.o
    0x080034f0   0x080034f0   0x00000044   Code   RO          624    i.led_init          led.o
    0x08003534   0x08003534   0x00000134   Code   RO            4    i.main              main.o
    0x08003668   0x08003668   0x000000c4   Code   RO          292    i.main_test         test.o
    0x0800372c   0x0800372c   0x00000010   Code   RO          157    i.mypow             gui.o
    0x0800373c   0x0800373c   0x00000050   Code   RO         1392    i.spi_init          spi.o
    0x0800378c   0x0800378c   0x00000054   Code   RO         1393    i.spi_send_byte     spi.o
    0x080037e0   0x080037e0   0x0000009c   Code   RO          438    i.usart1_init       usart.o
    0x0800387c   0x0800387c   0x00000048   Code   RO         1646    i.w25qxx_earase_sector  w25q.o
    0x080038c4   0x080038c4   0x0000005c   Code   RO         1648    i.w25qxx_pageProgram  w25q.o
    0x08003920   0x08003920   0x00000024   Code   RO         1649    i.w25qxx_read_RS    w25q.o
    0x08003944   0x08003944   0x0000004c   Code   RO         1650    i.w25qxx_read_data  w25q.o
    0x08003990   0x08003990   0x00000058   Code   RO         1653    i.w25qxx_spi_init   w25q.o
    0x080039e8   0x080039e8   0x00000020   Code   RO         1655    i.w25qxx_write_enable  w25q.o
    0x08003a08   0x08003a08   0x00000018   Code   RO         4614    x$fpl$dcmpinf       fz_wm.l(dcmpi.o)
    0x08003a20   0x08003a20   0x0000005a   Code   RO         4562    x$fpl$dfixu         fz_wm.l(dfixu.o)
    0x08003a7a   0x08003a7a   0x00000026   Code   RO         4566    x$fpl$dfltu         fz_wm.l(dflt_clz.o)
    0x08003aa0   0x08003aa0   0x00000078   Code   RO         4572    x$fpl$dleqf         fz_wm.l(dleqf.o)
    0x08003b18   0x08003b18   0x00000154   Code   RO         4574    x$fpl$dmul          fz_wm.l(dmul.o)
    0x08003c6c   0x08003c6c   0x0000009c   Code   RO         4616    x$fpl$dnaninf       fz_wm.l(dnaninf.o)
    0x08003d08   0x08003d08   0x0000000c   Code   RO         4618    x$fpl$dretinf       fz_wm.l(dretinf.o)
    0x08003d14   0x08003d14   0x0000006c   Code   RO         4576    x$fpl$drleqf        fz_wm.l(drleqf.o)
    0x08003d80   0x08003d80   0x00000198   Code   RO         4620    x$fpl$dsqrt         fz_wm.l(dsqrt_umaal.o)
    0x08003f18   0x08003f18   0x00000056   Code   RO         4578    x$fpl$f2d           fz_wm.l(f2d.o)
    0x08003f6e   0x08003f6e   0x0000008c   Code   RO         4622    x$fpl$fnaninf       fz_wm.l(fnaninf.o)
    0x08003ffa   0x08003ffa   0x0000000a   Code   RO         4756    x$fpl$fpinit        fz_wm.l(fpinit.o)
    0x08004004   0x08004004   0x00000000   Code   RO         4624    x$fpl$usenofp       fz_wm.l(usenofp.o)
    0x08004004   0x08004004   0x000016ae   Data   RO          158    .constdata          gui.o
    0x080056b2   0x080056b2   0x00000002   PAD
    0x080056b4   0x080056b4   0x00000c90   Data   RO          293    .constdata          test.o
    0x08006344   0x08006344   0x00000037   Data   RO          294    .conststring        test.o
    0x0800637b   0x0800637b   0x00000001   PAD
    0x0800637c   0x0800637c   0x00000020   Data   RO         4827    Region$$Table       anon$$obj.o


    Execution Region RW_IRAM2 (Exec base: 0x10000000, Load base: 0x08006448, Size: 0x00000000, Max: 0x00010000, ABSOLUTE)

    **** No section assigned to this execution region ****


    Execution Region RW_IRAM1 (Exec base: 0x20000000, Load base: 0x0800639c, Size: 0x00001138, Max: 0x00020000, ABSOLUTE)

    Exec Addr    Load Addr    Size         Type   Attr      Idx    E Section Name        Object

    0x20000000   0x0800639c   0x0000000a   Data   RW          295    .data               test.o
    0x2000000a   0x080063a6   0x00000002   PAD
    0x2000000c   0x080063a8   0x0000000c   Data   RW          448    .data               usart.o
    0x20000018   0x080063b4   0x00000004   Data   RW          449    .data               usart.o
    0x2000001c   0x080063b8   0x00000003   Data   RW          580    .data               key.o
    0x2000001f   0x080063bb   0x00000001   PAD
    0x20000020   0x080063bc   0x00000004   Data   RW          915    .data               pwm_ic.o
    0x20000024   0x080063c0   0x00000010   Data   RW          962    .data               infrared.o
    0x20000034   0x080063d0   0x0000000c   Data   RW         1042    .data               mqtt.o
    0x20000040   0x080063dc   0x00000008   Data   RW         1138    .data               esp8266.o
    0x20000048   0x080063e4   0x00000004   Data   RW         1139    .data               esp8266.o
    0x2000004c   0x080063e8   0x00000008   Data   RW         1243    .data               rj45_nt1.o
    0x20000054   0x080063f0   0x00000004   Data   RW         1244    .data               rj45_nt1.o
    0x20000058   0x080063f4   0x00000002   Data   RW         1444    .data               lcd.o
    0x2000005a   0x080063f6   0x00000002   Data   RW         1445    .data               lcd.o
    0x2000005c   0x080063f8   0x0000002c   Data   RW         1544    .data               touch.o
    0x20000088   0x08006424   0x00000010   Data   RW         2855    .data               stm32f4xx_rcc.o
    0x20000098   0x08006434   0x00000014   Data   RW         4474    .data               system_stm32f4xx.o
    0x200000ac        -       0x00000010   Zero   RW          446    .bss                usart.o
    0x200000bc        -       0x00000600   Zero   RW         1036    .bss                mqtt.o
    0x200006bc        -       0x00000200   Zero   RW         1137    .bss                esp8266.o
    0x200008bc        -       0x00000200   Zero   RW         1241    .bss                rj45_nt1.o
    0x20000abc        -       0x0000000e   Zero   RW         1443    .bss                lcd.o
    0x20000aca        -       0x0000000e   Zero   RW         1542    .bss                touch.o
    0x20000ad8        -       0x00000060   Zero   RW         4693    .bss                c_w.l(libspace.o)
    0x20000b38        -       0x00000200   Zero   RW         4462    HEAP                startup_stm32f40_41xxx.o
    0x20000d38        -       0x00000400   Zero   RW         4461    STACK               startup_stm32f40_41xxx.o


==============================================================================

Image component sizes


      Code (inc. data)   RO Data    RW Data    ZI Data      Debug   Object Name

       104         16          0          0          0       1114   delay.o
         0          0          0         12        512       1286   esp8266.o
      2654        108       5806          0          0      18244   gui.o
       272         14          0         16          0       2405   infrared.o
       472         44          0          3          0       2788   key.o
      1046         60          0          4         14       9431   lcd.o
        68         10          0          0          0        527   led.o
       308        186          0          0          0     302735   main.o
       120         14          0          0          0       1979   misc.o
         0          0          0         12       1536       2206   mqtt.o
        56          8          0          4          0        761   pwm_ic.o
         0          0          0         12        512       1090   rj45_nt1.o
       216         16          0          0          0       1824   spi.o
        64         26        392          0       1536        872   startup_stm32f40_41xxx.o
       144         14          0          0          0       2740   stm32f4xx_exti.o
       170          0          0          0          0       3634   stm32f4xx_gpio.o
       192         24          0         16          0       4690   stm32f4xx_rcc.o
        48          6          0          0          0        788   stm32f4xx_syscfg.o
        38          0          0          0          0       4552   stm32f4xx_tim.o
       344          8          0          0          0       7399   stm32f4xx_usart.o
       272         36          0         20          0       1989   system_stm32f4xx.o
      2600        760       3271         10          0       7072   test.o
      3192        368          0         44         14      11885   touch.o
       550         90          0         16         16       5611   usart.o
       396         28          0          0          0       4090   w25q.o

    ----------------------------------------------------------------------
     13340       1836       9504        172       4140     401712   Object Totals
         0          0         32          0          0          0   (incl. Generated)
        14          0          3          3          0          0   (incl. Padding)

    ----------------------------------------------------------------------

      Code (inc. data)   RO Data    RW Data    ZI Data      Debug   Library Member Name

         8          0          0          0          0         68   __main.o
       284          0          0          0          0        156   __printf_wp.o
         0          0          0          0          0          0   __rtentry.o
        12          0          0          0          0          0   __rtentry2.o
         6          0          0          0          0          0   __rtentry4.o
        52          8          0          0          0          0   __scatter.o
        26          0          0          0          0          0   __scatter_copy.o
        28          0          0          0          0          0   __scatter_zi.o
        48          6          0          0          0         96   _printf_char_common.o
        36          4          0          0          0         80   _printf_char_file.o
         0          0          0          0          0          0   _printf_percent.o
         4          0          0          0          0          0   _printf_percent_end.o
        22          0          0          0          0        100   _rserrno.o
        18          0          0          0          0         80   exit.o
         8          0          0          0          0         68   ferror.o
         6          0          0          0          0        152   heapauxi.o
         2          0          0          0          0          0   libinit.o
         6          0          0          0          0          0   libinit2.o
         2          0          0          0          0          0   libshutdown.o
         2          0          0          0          0          0   libshutdown2.o
         8          4          0          0         96         68   libspace.o
        24          4          0          0          0         84   noretval__2printf.o
         8          4          0          0          0         68   rt_errno_addr_intlibspace.o
        68          0          0          0          0         68   rt_memclr.o
        78          0          0          0          0         80   rt_memclr_w.o
         2          0          0          0          0          0   rtexit.o
        10          0          0          0          0          0   rtexit2.o
        62          0          0          0          0         76   strlen.o
        86          0          0          0          0         76   strncpy.o
        74          0          0          0          0         80   sys_stackheap_outer.o
         2          0          0          0          0         68   use_no_semi.o
         2          0          0          0          0         68   use_no_semi_2.o
        24          0          0          0          0        116   dcmpi.o
        90          4          0          0          0        140   dfixu.o
        38          0          0          0          0        116   dflt_clz.o
       120          4          0          0          0        140   dleqf.o
       340         12          0          0          0        152   dmul.o
       156          4          0          0          0        140   dnaninf.o
        12          0          0          0          0        116   dretinf.o
       108          0          0          0          0        128   drleqf.o
       408         56          0          0          0        168   dsqrt_umaal.o
        86          4          0          0          0        132   f2d.o
       140          4          0          0          0        132   fnaninf.o
        10          0          0          0          0        116   fpinit.o
         0          0          0          0          0          0   usenofp.o
       122          0          0          0          0        148   sqrt.o

    ----------------------------------------------------------------------
      2656        118          0          0         96       3280   Library Totals
         8          0          0          0          0          0   (incl. Padding)

    ----------------------------------------------------------------------

      Code (inc. data)   RO Data    RW Data    ZI Data      Debug   Library Name

       994         30          0          0         96       1536   c_w.l
      1532         88          0          0          0       1596   fz_wm.l
       122          0          0          0          0        148   m_wm.l

    ----------------------------------------------------------------------
      2656        118          0          0         96       3280   Library Totals

    ----------------------------------------------------------------------

==============================================================================


      Code (inc. data)   RO Data    RW Data    ZI Data      Debug   

     15996       1954       9504        172       4236     392712   Grand Totals
     15996       1954       9504        172       4236     392712   ELF Image Totals
     15996       1954       9504        172          0          0   ROM Totals

==============================================================================

    Total RO  Size (Code + RO Data)                25500 (  24.90kB)
    Total RW  Size (RW Data + ZI Data)              4408 (   4.30kB)
    Total ROM Size (Code + RO Data + RW Data)      25672 (  25.07kB)

==============================================================================

